[2026-09-17T13:17:21.350+0000] {local_task_job_runner.py:120} INFO - ::group::Pre task execution logs
[2026-09-17T13:17:21.386+0000] {taskinstance.py:2076} INFO - Dependencies all met for dep_context=non-requeueable deps ti=<TaskInstance: youtube_extraction.get_video_details manual__2026-09-17T13:16:58.100081+00:00 [queued]>
[2026-09-17T13:17:21.401+0000] {taskinstance.py:2076} INFO - Dependencies all met for dep_context=requeueable deps ti=<TaskInstance: youtube_extraction.get_video_details manual__2026-09-17T13:16:58.100081+00:00 [queued]>
[2026-09-17T13:17:21.403+0000] {taskinstance.py:2306} INFO - Starting attempt 1 of 1
[2026-09-17T13:17:21.434+0000] {taskinstance.py:2330} INFO - Executing <Task(BashOperator): get_video_details> on 2026-09-17 13:16:58.100081+00:00
[2026-09-17T13:17:21.439+0000] {standard_task_runner.py:63} INFO - Started process 5035 to run task
[2026-09-17T13:17:21.444+0000] {standard_task_runner.py:90} INFO - Running: ['***', 'tasks', 'run', 'youtube_extraction', 'get_video_details', 'manual__2026-09-17T13:16:58.100081+00:00', '--job-id', '34', '--raw', '--subdir', 'DAGS_FOLDER/youtube_extraction.py', '--cfg-path', '/tmp/tmpabacylko']
[2026-09-17T13:17:21.448+0000] {standard_task_runner.py:91} INFO - Job 34: Subtask get_video_details
[2026-09-17T13:17:21.519+0000] {task_command.py:426} INFO - Running <TaskInstance: youtube_extraction.get_video_details manual__2026-09-17T13:16:58.100081+00:00 [running]> on host dc2851615997
[2026-09-17T13:17:21.643+0000] {taskinstance.py:2648} INFO - Exporting env vars: AIRFLOW_CTX_DAG_OWNER='***' AIRFLOW_CTX_DAG_ID='youtube_extraction' AIRFLOW_CTX_TASK_ID='get_video_details' AIRFLOW_CTX_EXECUTION_DATE='2026-09-17T13:16:58.100081+00:00' AIRFLOW_CTX_TRY_NUMBER='1' AIRFLOW_CTX_DAG_RUN_ID='manual__2026-09-17T13:16:58.100081+00:00'
[2026-09-17T13:17:21.646+0000] {taskinstance.py:430} INFO - ::endgroup::
[2026-09-17T13:17:21.670+0000] {subprocess.py:63} INFO - Tmp dir root location: /tmp
[2026-09-17T13:17:21.673+0000] {subprocess.py:75} INFO - Running command: ['/usr/bin/bash', '-c', 'python /opt/***/src/youtube/get_video_details.py']
[2026-09-17T13:17:21.685+0000] {subprocess.py:86} INFO - Output:
[2026-09-17T13:17:41.464+0000] {subprocess.py:93} INFO - Videos loaded: 1526
[2026-09-17T13:17:41.466+0000] {subprocess.py:93} INFO - batch 1 | status: 200
[2026-09-17T13:17:41.468+0000] {subprocess.py:93} INFO - batch 2 | status: 200
[2026-09-17T13:17:41.469+0000] {subprocess.py:93} INFO - batch 3 | status: 200
[2026-09-17T13:17:41.470+0000] {subprocess.py:93} INFO - batch 4 | status: 200
[2026-09-17T13:17:41.472+0000] {subprocess.py:93} INFO - batch 5 | status: 200
[2026-09-17T13:17:41.474+0000] {subprocess.py:93} INFO - batch 6 | status: 200
[2026-09-17T13:17:41.476+0000] {subprocess.py:93} INFO - batch 7 | status: 200
[2026-09-17T13:17:41.478+0000] {subprocess.py:93} INFO - batch 8 | status: 200
[2026-09-17T13:17:41.480+0000] {subprocess.py:93} INFO - batch 9 | status: 200
[2026-09-17T13:17:41.482+0000] {subprocess.py:93} INFO - batch 10 | status: 200
[2026-09-17T13:17:41.484+0000] {subprocess.py:93} INFO - batch 11 | status: 200
[2026-09-17T13:17:41.485+0000] {subprocess.py:93} INFO - batch 12 | status: 200
[2026-09-17T13:17:41.486+0000] {subprocess.py:93} INFO - batch 13 | status: 200
[2026-09-17T13:17:41.488+0000] {subprocess.py:93} INFO - batch 14 | status: 200
[2026-09-17T13:17:41.489+0000] {subprocess.py:93} INFO - batch 15 | status: 200
[2026-09-17T13:17:41.490+0000] {subprocess.py:93} INFO - batch 16 | status: 200
[2026-09-17T13:17:41.491+0000] {subprocess.py:93} INFO - batch 17 | status: 200
[2026-09-17T13:17:41.493+0000] {subprocess.py:93} INFO - batch 18 | status: 200
[2026-09-17T13:17:41.494+0000] {subprocess.py:93} INFO - batch 19 | status: 200
[2026-09-17T13:17:41.496+0000] {subprocess.py:93} INFO - batch 20 | status: 200
[2026-09-17T13:17:41.497+0000] {subprocess.py:93} INFO - batch 21 | status: 200
[2026-09-17T13:17:41.498+0000] {subprocess.py:93} INFO - batch 22 | status: 200
[2026-09-17T13:17:41.500+0000] {subprocess.py:93} INFO - batch 23 | status: 200
[2026-09-17T13:17:41.501+0000] {subprocess.py:93} INFO - batch 24 | status: 200
[2026-09-17T13:17:41.503+0000] {subprocess.py:93} INFO - batch 25 | status: 200
[2026-09-17T13:17:41.504+0000] {subprocess.py:93} INFO - batch 26 | status: 200
[2026-09-17T13:17:41.505+0000] {subprocess.py:93} INFO - batch 27 | status: 200
[2026-09-17T13:17:41.506+0000] {subprocess.py:93} INFO - batch 28 | status: 200
[2026-09-17T13:17:41.507+0000] {subprocess.py:93} INFO - batch 29 | status: 200
[2026-09-17T13:17:41.507+0000] {subprocess.py:93} INFO - batch 30 | status: 200
[2026-09-17T13:17:41.508+0000] {subprocess.py:93} INFO - batch 31 | status: 200
[2026-09-17T13:17:41.509+0000] {subprocess.py:93} INFO - Raw JSON saved: /opt/***/data/YT_data_2026-09-17.json
[2026-09-17T13:17:41.510+0000] {subprocess.py:97} INFO - Command exited with return code 0
[2026-09-17T13:17:41.512+0000] {taskinstance.py:441} INFO - ::group::Post task execution logs
[2026-09-17T13:17:41.551+0000] {taskinstance.py:1206} INFO - Marking task as SUCCESS. dag_id=youtube_extraction, task_id=get_video_details, run_id=manual__2026-09-17T13:16:58.100081+00:00, execution_date=20260917T131658, start_date=20260917T131721, end_date=20260917T131741
[2026-09-17T13:17:41.581+0000] {local_task_job_runner.py:240} INFO - Task exited with return code 0
[2026-09-17T13:17:41.611+0000] {taskinstance.py:3503} INFO - 1 downstream tasks scheduled from follow-on schedule check
[2026-09-17T13:17:41.615+0000] {local_task_job_runner.py:222} INFO - ::endgroup::
