[2026-09-16T15:42:34.479+0000] {local_task_job_runner.py:120} INFO - ::group::Pre task execution logs
[2026-09-16T15:42:34.527+0000] {taskinstance.py:2076} INFO - Dependencies all met for dep_context=non-requeueable deps ti=<TaskInstance: youtube_extraction.extract_playlist manual__2026-09-16T15:42:34+00:00 [queued]>
[2026-09-16T15:42:34.540+0000] {taskinstance.py:2076} INFO - Dependencies all met for dep_context=requeueable deps ti=<TaskInstance: youtube_extraction.extract_playlist manual__2026-09-16T15:42:34+00:00 [queued]>
[2026-09-16T15:42:34.542+0000] {taskinstance.py:2306} INFO - Starting attempt 1 of 1
[2026-09-16T15:42:34.564+0000] {taskinstance.py:2330} INFO - Executing <Task(BashOperator): extract_playlist> on 2026-09-16 15:42:34+00:00
[2026-09-16T15:42:34.569+0000] {standard_task_runner.py:63} INFO - Started process 2734 to run task
[2026-09-16T15:42:34.573+0000] {standard_task_runner.py:90} INFO - Running: ['***', 'tasks', 'run', 'youtube_extraction', 'extract_playlist', 'manual__2026-09-16T15:42:34+00:00', '--job-id', '9', '--raw', '--subdir', 'DAGS_FOLDER/youtube_extraction.py', '--cfg-path', '/tmp/tmpsod9gzlk']
[2026-09-16T15:42:34.577+0000] {standard_task_runner.py:91} INFO - Job 9: Subtask extract_playlist
[2026-09-16T15:42:34.649+0000] {task_command.py:426} INFO - Running <TaskInstance: youtube_extraction.extract_playlist manual__2026-09-16T15:42:34+00:00 [running]> on host dc2851615997
[2026-09-16T15:42:34.763+0000] {taskinstance.py:2648} INFO - Exporting env vars: AIRFLOW_CTX_DAG_OWNER='***' AIRFLOW_CTX_DAG_ID='youtube_extraction' AIRFLOW_CTX_TASK_ID='extract_playlist' AIRFLOW_CTX_EXECUTION_DATE='2026-09-16T15:42:34+00:00' AIRFLOW_CTX_TRY_NUMBER='1' AIRFLOW_CTX_DAG_RUN_ID='manual__2026-09-16T15:42:34+00:00'
[2026-09-16T15:42:34.765+0000] {taskinstance.py:430} INFO - ::endgroup::
[2026-09-16T15:42:34.779+0000] {subprocess.py:63} INFO - Tmp dir root location: /tmp
[2026-09-16T15:42:34.782+0000] {subprocess.py:75} INFO - Running command: ['/usr/bin/bash', '-c', 'python /opt/***/src/youtube/get_playlist.py']
[2026-09-16T15:42:34.791+0000] {subprocess.py:86} INFO - Output:
[2026-09-16T15:42:54.274+0000] {subprocess.py:93} INFO - Playlist status: 200
[2026-09-16T15:42:54.275+0000] {subprocess.py:93} INFO - Playlist status: 200
[2026-09-16T15:42:54.277+0000] {subprocess.py:93} INFO - Playlist status: 200
[2026-09-16T15:42:54.278+0000] {subprocess.py:93} INFO - Playlist status: 200
[2026-09-16T15:42:54.280+0000] {subprocess.py:93} INFO - Playlist status: 200
[2026-09-16T15:42:54.282+0000] {subprocess.py:93} INFO - Playlist status: 200
[2026-09-16T15:42:54.284+0000] {subprocess.py:93} INFO - Playlist status: 200
[2026-09-16T15:42:54.285+0000] {subprocess.py:93} INFO - Playlist status: 200
[2026-09-16T15:42:54.287+0000] {subprocess.py:93} INFO - Playlist status: 200
[2026-09-16T15:42:54.289+0000] {subprocess.py:93} INFO - Playlist status: 200
[2026-09-16T15:42:54.291+0000] {subprocess.py:93} INFO - Playlist status: 200
[2026-09-16T15:42:54.292+0000] {subprocess.py:93} INFO - Playlist status: 200
[2026-09-16T15:42:54.294+0000] {subprocess.py:93} INFO - Playlist status: 200
[2026-09-16T15:42:54.296+0000] {subprocess.py:93} INFO - Playlist status: 200
[2026-09-16T15:42:54.297+0000] {subprocess.py:93} INFO - Playlist status: 200
[2026-09-16T15:42:54.299+0000] {subprocess.py:93} INFO - Playlist status: 200
[2026-09-16T15:42:54.301+0000] {subprocess.py:93} INFO - Playlist status: 200
[2026-09-16T15:42:54.303+0000] {subprocess.py:93} INFO - Playlist status: 200
[2026-09-16T15:42:54.305+0000] {subprocess.py:93} INFO - Playlist status: 200
[2026-09-16T15:42:54.307+0000] {subprocess.py:93} INFO - Playlist status: 200
[2026-09-16T15:42:54.308+0000] {subprocess.py:93} INFO - Playlist status: 200
[2026-09-16T15:42:54.310+0000] {subprocess.py:93} INFO - Playlist status: 200
[2026-09-16T15:42:54.311+0000] {subprocess.py:93} INFO - Playlist status: 200
[2026-09-16T15:42:54.313+0000] {subprocess.py:93} INFO - Playlist status: 200
[2026-09-16T15:42:54.314+0000] {subprocess.py:93} INFO - Playlist status: 200
[2026-09-16T15:42:54.315+0000] {subprocess.py:93} INFO - Playlist status: 200
[2026-09-16T15:42:54.317+0000] {subprocess.py:93} INFO - Playlist status: 200
[2026-09-16T15:42:54.318+0000] {subprocess.py:93} INFO - Playlist status: 200
[2026-09-16T15:42:54.319+0000] {subprocess.py:93} INFO - Playlist status: 200
[2026-09-16T15:42:54.320+0000] {subprocess.py:93} INFO - Playlist status: 200
[2026-09-16T15:42:54.321+0000] {subprocess.py:93} INFO - Playlist status: 200
[2026-09-16T15:42:54.322+0000] {subprocess.py:93} INFO - Total videos: 1525
[2026-09-16T15:42:54.323+0000] {subprocess.py:93} INFO - Playlist data saved.
[2026-09-16T15:42:54.324+0000] {subprocess.py:97} INFO - Command exited with return code 0
[2026-09-16T15:42:54.325+0000] {taskinstance.py:441} INFO - ::group::Post task execution logs
[2026-09-16T15:42:54.361+0000] {taskinstance.py:1206} INFO - Marking task as SUCCESS. dag_id=youtube_extraction, task_id=extract_playlist, run_id=manual__2026-09-16T15:42:34+00:00, execution_date=20260916T154234, start_date=20260916T154234, end_date=20260916T154254
[2026-09-16T15:42:54.405+0000] {local_task_job_runner.py:240} INFO - Task exited with return code 0
[2026-09-16T15:42:54.432+0000] {taskinstance.py:3503} INFO - 1 downstream tasks scheduled from follow-on schedule check
[2026-09-16T15:42:54.437+0000] {local_task_job_runner.py:222} INFO - ::endgroup::
