[2026-09-17T13:14:29.876+0000] {local_task_job_runner.py:120} INFO - ::group::Pre task execution logs
[2026-09-17T13:14:29.915+0000] {taskinstance.py:2076} INFO - Dependencies all met for dep_context=non-requeueable deps ti=<TaskInstance: youtube_extraction.extract_playlist __airflow_temporary_run_2026-09-17T13:14:28.569468+00:00__ [queued]>
[2026-09-17T13:14:29.927+0000] {taskinstance.py:2076} INFO - Dependencies all met for dep_context=requeueable deps ti=<TaskInstance: youtube_extraction.extract_playlist __airflow_temporary_run_2026-09-17T13:14:28.569468+00:00__ [queued]>
[2026-09-17T13:14:29.928+0000] {taskinstance.py:2306} INFO - Starting attempt 1 of 1
[2026-09-17T13:14:29.949+0000] {taskinstance.py:2330} INFO - Executing <Task(BashOperator): extract_playlist> on 2026-09-17 00:00:00+00:00
[2026-09-17T13:14:29.955+0000] {standard_task_runner.py:63} INFO - Started process 4938 to run task
[2026-09-17T13:14:29.959+0000] {standard_task_runner.py:90} INFO - Running: ['***', 'tasks', 'run', 'youtube_extraction', 'extract_playlist', '__***_temporary_run_2026-09-17T13:14:28.569468+00:00__', '--job-id', '32', '--raw', '--subdir', 'DAGS_FOLDER/youtube_extraction.py', '--cfg-path', '/tmp/tmpqdxcmy67']
[2026-09-17T13:14:29.963+0000] {standard_task_runner.py:91} INFO - Job 32: Subtask extract_playlist
[2026-09-17T13:14:30.041+0000] {task_command.py:426} INFO - Running <TaskInstance: youtube_extraction.extract_playlist __airflow_temporary_run_2026-09-17T13:14:28.569468+00:00__ [running]> on host dc2851615997
[2026-09-17T13:14:30.178+0000] {taskinstance.py:2648} INFO - Exporting env vars: AIRFLOW_CTX_DAG_OWNER='***' AIRFLOW_CTX_DAG_ID='youtube_extraction' AIRFLOW_CTX_TASK_ID='extract_playlist' AIRFLOW_CTX_EXECUTION_DATE='2026-09-17T00:00:00+00:00' AIRFLOW_CTX_TRY_NUMBER='1' AIRFLOW_CTX_DAG_RUN_ID='__***_temporary_run_2026-09-17T13:14:28.569468+00:00__'
[2026-09-17T13:14:30.180+0000] {taskinstance.py:430} INFO - ::endgroup::
[2026-09-17T13:14:30.201+0000] {subprocess.py:63} INFO - Tmp dir root location: /tmp
[2026-09-17T13:14:30.203+0000] {subprocess.py:75} INFO - Running command: ['/usr/bin/bash', '-c', 'python /opt/***/src/youtube/get_playlist.py']
[2026-09-17T13:14:30.214+0000] {subprocess.py:86} INFO - Output:
[2026-09-17T13:14:49.671+0000] {subprocess.py:93} INFO - Playlist status: 200
[2026-09-17T13:14:49.674+0000] {subprocess.py:93} INFO - Playlist status: 200
[2026-09-17T13:14:49.676+0000] {subprocess.py:93} INFO - Playlist status: 200
[2026-09-17T13:14:49.678+0000] {subprocess.py:93} INFO - Playlist status: 200
[2026-09-17T13:14:49.680+0000] {subprocess.py:93} INFO - Playlist status: 200
[2026-09-17T13:14:49.682+0000] {subprocess.py:93} INFO - Playlist status: 200
[2026-09-17T13:14:49.684+0000] {subprocess.py:93} INFO - Playlist status: 200
[2026-09-17T13:14:49.686+0000] {subprocess.py:93} INFO - Playlist status: 200
[2026-09-17T13:14:49.688+0000] {subprocess.py:93} INFO - Playlist status: 200
[2026-09-17T13:14:49.690+0000] {subprocess.py:93} INFO - Playlist status: 200
[2026-09-17T13:14:49.692+0000] {subprocess.py:93} INFO - Playlist status: 200
[2026-09-17T13:14:49.694+0000] {subprocess.py:93} INFO - Playlist status: 200
[2026-09-17T13:14:49.696+0000] {subprocess.py:93} INFO - Playlist status: 200
[2026-09-17T13:14:49.698+0000] {subprocess.py:93} INFO - Playlist status: 200
[2026-09-17T13:14:49.699+0000] {subprocess.py:93} INFO - Playlist status: 200
[2026-09-17T13:14:49.701+0000] {subprocess.py:93} INFO - Playlist status: 200
[2026-09-17T13:14:49.704+0000] {subprocess.py:93} INFO - Playlist status: 200
[2026-09-17T13:14:49.706+0000] {subprocess.py:93} INFO - Playlist status: 200
[2026-09-17T13:14:49.707+0000] {subprocess.py:93} INFO - Playlist status: 200
[2026-09-17T13:14:49.708+0000] {subprocess.py:93} INFO - Playlist status: 200
[2026-09-17T13:14:49.710+0000] {subprocess.py:93} INFO - Playlist status: 200
[2026-09-17T13:14:49.711+0000] {subprocess.py:93} INFO - Playlist status: 200
[2026-09-17T13:14:49.712+0000] {subprocess.py:93} INFO - Playlist status: 200
[2026-09-17T13:14:49.713+0000] {subprocess.py:93} INFO - Playlist status: 200
[2026-09-17T13:14:49.715+0000] {subprocess.py:93} INFO - Playlist status: 200
[2026-09-17T13:14:49.717+0000] {subprocess.py:93} INFO - Playlist status: 200
[2026-09-17T13:14:49.719+0000] {subprocess.py:93} INFO - Playlist status: 200
[2026-09-17T13:14:49.721+0000] {subprocess.py:93} INFO - Playlist status: 200
[2026-09-17T13:14:49.722+0000] {subprocess.py:93} INFO - Playlist status: 200
[2026-09-17T13:14:49.724+0000] {subprocess.py:93} INFO - Playlist status: 200
[2026-09-17T13:14:49.725+0000] {subprocess.py:93} INFO - Playlist status: 200
[2026-09-17T13:14:49.726+0000] {subprocess.py:93} INFO - Total videos: 1526
[2026-09-17T13:14:49.727+0000] {subprocess.py:93} INFO - Playlist data saved.
[2026-09-17T13:14:49.728+0000] {subprocess.py:97} INFO - Command exited with return code 0
[2026-09-17T13:14:49.729+0000] {taskinstance.py:441} INFO - ::group::Post task execution logs
[2026-09-17T13:14:49.742+0000] {taskinstance.py:2905} ERROR - Task failed with exception
Traceback (most recent call last):
  File "/home/airflow/.local/lib/python3.10/site-packages/airflow/models/taskinstance.py", line 486, in _execute_task
    task_instance.xcom_push(key=XCOM_RETURN_KEY, value=xcom_value, session=session)
  File "/home/airflow/.local/lib/python3.10/site-packages/airflow/utils/session.py", line 76, in wrapper
    return func(*args, **kwargs)
  File "/home/airflow/.local/lib/python3.10/site-packages/airflow/models/taskinstance.py", line 3197, in xcom_push
    XCom.set(
  File "/home/airflow/.local/lib/python3.10/site-packages/airflow/utils/session.py", line 76, in wrapper
    return func(*args, **kwargs)
  File "/home/airflow/.local/lib/python3.10/site-packages/airflow/models/xcom.py", line 223, in set
    raise ValueError(f"DAG run not found on DAG {dag_id!r} with ID {run_id!r}")
ValueError: DAG run not found on DAG 'youtube_extraction' with ID '__***_temporary_run_2026-09-17T13:14:28.569468+00:00__'
[2026-09-17T13:14:49.764+0000] {taskinstance.py:1206} INFO - Marking task as FAILED. dag_id=youtube_extraction, task_id=extract_playlist, run_id=__***_temporary_run_2026-09-17T13:14:28.569468+00:00__, execution_date=20260917T000000, start_date=20260917T131429, end_date=20260917T131449
[2026-09-17T13:14:49.783+0000] {standard_task_runner.py:110} ERROR - Failed to execute job 32 for task extract_playlist ((psycopg2.errors.ForeignKeyViolation) insert or update on table "task_fail" violates foreign key constraint "task_fail_ti_fkey"
DETAIL:  Key (dag_id, task_id, run_id, map_index)=(youtube_extraction, extract_playlist, __airflow_temporary_run_2026-09-17T13:14:28.569468+00:00__, -1) is not present in table "task_instance".

[SQL: INSERT INTO task_fail (task_id, dag_id, run_id, map_index, start_date, end_date, duration) VALUES (%(task_id)s, %(dag_id)s, %(run_id)s, %(map_index)s, %(start_date)s, %(end_date)s, %(duration)s) RETURNING task_fail.id]
[parameters: {'task_id': 'extract_playlist', 'dag_id': 'youtube_extraction', 'run_id': '__airflow_temporary_run_2026-09-17T13:14:28.569468+00:00__', 'map_index': -1, 'start_date': datetime.datetime(2026, 9, 17, 13, 14, 29, 917201, tzinfo=Timezone('UTC')), 'end_date': datetime.datetime(2026, 9, 17, 13, 14, 49, 763930, tzinfo=Timezone('UTC')), 'duration': 19}]
(Background on this error at: https://sqlalche.me/e/14/gkpj); 4938)
[2026-09-17T13:14:49.810+0000] {local_task_job_runner.py:240} INFO - Task exited with return code 1
[2026-09-17T13:14:49.822+0000] {local_task_job_runner.py:222} INFO - ::endgroup::
