[2026-09-17T13:12:08.931+0000] {local_task_job_runner.py:120} INFO - ::group::Pre task execution logs
[2026-09-17T13:12:08.974+0000] {taskinstance.py:2076} INFO - Dependencies all met for dep_context=non-requeueable deps ti=<TaskInstance: youtube_extraction.extract_playlist manual__2026-09-17T13:12:08+00:00 [queued]>
[2026-09-17T13:12:08.989+0000] {taskinstance.py:2076} INFO - Dependencies all met for dep_context=requeueable deps ti=<TaskInstance: youtube_extraction.extract_playlist manual__2026-09-17T13:12:08+00:00 [queued]>
[2026-09-17T13:12:08.991+0000] {taskinstance.py:2306} INFO - Starting attempt 1 of 1
[2026-09-17T13:12:09.024+0000] {taskinstance.py:2330} INFO - Executing <Task(BashOperator): extract_playlist> on 2026-09-17 13:12:08+00:00
[2026-09-17T13:12:09.031+0000] {standard_task_runner.py:63} INFO - Started process 4858 to run task
[2026-09-17T13:12:09.036+0000] {standard_task_runner.py:90} INFO - Running: ['***', 'tasks', 'run', 'youtube_extraction', 'extract_playlist', 'manual__2026-09-17T13:12:08+00:00', '--job-id', '30', '--raw', '--subdir', 'DAGS_FOLDER/youtube_extraction.py', '--cfg-path', '/tmp/tmp3vlq2nab']
[2026-09-17T13:12:09.041+0000] {standard_task_runner.py:91} INFO - Job 30: Subtask extract_playlist
[2026-09-17T13:12:09.156+0000] {task_command.py:426} INFO - Running <TaskInstance: youtube_extraction.extract_playlist manual__2026-09-17T13:12:08+00:00 [running]> on host dc2851615997
[2026-09-17T13:12:09.370+0000] {taskinstance.py:2648} INFO - Exporting env vars: AIRFLOW_CTX_DAG_OWNER='***' AIRFLOW_CTX_DAG_ID='youtube_extraction' AIRFLOW_CTX_TASK_ID='extract_playlist' AIRFLOW_CTX_EXECUTION_DATE='2026-09-17T13:12:08+00:00' AIRFLOW_CTX_TRY_NUMBER='1' AIRFLOW_CTX_DAG_RUN_ID='manual__2026-09-17T13:12:08+00:00'
[2026-09-17T13:12:09.373+0000] {taskinstance.py:430} INFO - ::endgroup::
[2026-09-17T13:12:09.418+0000] {subprocess.py:63} INFO - Tmp dir root location: /tmp
[2026-09-17T13:12:09.421+0000] {subprocess.py:75} INFO - Running command: ['/usr/bin/bash', '-c', 'python /opt/***/src/youtube/get_playlist.py']
[2026-09-17T13:12:09.432+0000] {subprocess.py:86} INFO - Output:
[2026-09-17T13:12:14.051+0000] {subprocess.py:93} INFO - Traceback (most recent call last):
[2026-09-17T13:12:14.053+0000] {subprocess.py:93} INFO -   File "/home/***/.local/lib/python3.10/site-packages/urllib3/connection.py", line 198, in _new_conn
[2026-09-17T13:12:14.192+0000] {subprocess.py:93} INFO -     sock = connection.create_connection(
[2026-09-17T13:12:14.195+0000] {subprocess.py:93} INFO -   File "/home/***/.local/lib/python3.10/site-packages/urllib3/util/connection.py", line 60, in create_connection
[2026-09-17T13:12:14.216+0000] {subprocess.py:93} INFO -     for res in socket.getaddrinfo(host, port, family, socket.SOCK_STREAM):
[2026-09-17T13:12:14.219+0000] {subprocess.py:93} INFO -   File "/usr/local/lib/python3.10/socket.py", line 955, in getaddrinfo
[2026-09-17T13:12:14.222+0000] {subprocess.py:93} INFO -     for res in _socket.getaddrinfo(host, port, family, type, proto, flags):
[2026-09-17T13:12:14.223+0000] {subprocess.py:93} INFO - socket.gaierror: [Errno -5] No address associated with hostname
[2026-09-17T13:12:14.227+0000] {subprocess.py:93} INFO - 
[2026-09-17T13:12:14.230+0000] {subprocess.py:93} INFO - The above exception was the direct cause of the following exception:
[2026-09-17T13:12:14.248+0000] {subprocess.py:93} INFO - 
[2026-09-17T13:12:14.252+0000] {subprocess.py:93} INFO - Traceback (most recent call last):
[2026-09-17T13:12:14.254+0000] {subprocess.py:93} INFO -   File "/home/***/.local/lib/python3.10/site-packages/urllib3/connectionpool.py", line 793, in urlopen
[2026-09-17T13:12:14.257+0000] {subprocess.py:93} INFO -     response = self._make_request(
[2026-09-17T13:12:14.265+0000] {subprocess.py:93} INFO -   File "/home/***/.local/lib/python3.10/site-packages/urllib3/connectionpool.py", line 491, in _make_request
[2026-09-17T13:12:14.267+0000] {subprocess.py:93} INFO -     raise new_e
[2026-09-17T13:12:14.269+0000] {subprocess.py:93} INFO -   File "/home/***/.local/lib/python3.10/site-packages/urllib3/connectionpool.py", line 467, in _make_request
[2026-09-17T13:12:14.272+0000] {subprocess.py:93} INFO -     self._validate_conn(conn)
[2026-09-17T13:12:14.275+0000] {subprocess.py:93} INFO -   File "/home/***/.local/lib/python3.10/site-packages/urllib3/connectionpool.py", line 1099, in _validate_conn
[2026-09-17T13:12:14.279+0000] {subprocess.py:93} INFO -     conn.connect()
[2026-09-17T13:12:14.281+0000] {subprocess.py:93} INFO -   File "/home/***/.local/lib/python3.10/site-packages/urllib3/connection.py", line 616, in connect
[2026-09-17T13:12:14.284+0000] {subprocess.py:93} INFO -     self.sock = sock = self._new_conn()
[2026-09-17T13:12:14.285+0000] {subprocess.py:93} INFO -   File "/home/***/.local/lib/python3.10/site-packages/urllib3/connection.py", line 205, in _new_conn
[2026-09-17T13:12:14.287+0000] {subprocess.py:93} INFO -     raise NameResolutionError(self.host, self, e) from e
[2026-09-17T13:12:14.290+0000] {subprocess.py:93} INFO - urllib3.exceptions.NameResolutionError: <urllib3.connection.HTTPSConnection object at 0x7f52f0ea4ca0>: Failed to resolve 'www.googleapis.com' ([Errno -5] No address associated with hostname)
[2026-09-17T13:12:14.293+0000] {subprocess.py:93} INFO - 
[2026-09-17T13:12:14.296+0000] {subprocess.py:93} INFO - The above exception was the direct cause of the following exception:
[2026-09-17T13:12:14.300+0000] {subprocess.py:93} INFO - 
[2026-09-17T13:12:14.303+0000] {subprocess.py:93} INFO - Traceback (most recent call last):
[2026-09-17T13:12:14.305+0000] {subprocess.py:93} INFO -   File "/home/***/.local/lib/python3.10/site-packages/requests/adapters.py", line 486, in send
[2026-09-17T13:12:14.307+0000] {subprocess.py:93} INFO -     resp = conn.urlopen(
[2026-09-17T13:12:14.313+0000] {subprocess.py:93} INFO -   File "/home/***/.local/lib/python3.10/site-packages/urllib3/connectionpool.py", line 847, in urlopen
[2026-09-17T13:12:14.315+0000] {subprocess.py:93} INFO -     retries = retries.increment(
[2026-09-17T13:12:14.320+0000] {subprocess.py:93} INFO -   File "/home/***/.local/lib/python3.10/site-packages/urllib3/util/retry.py", line 515, in increment
[2026-09-17T13:12:14.322+0000] {subprocess.py:93} INFO -     raise MaxRetryError(_pool, url, reason) from reason  # type: ignore[arg-type]
[2026-09-17T13:12:14.330+0000] {subprocess.py:93} INFO - urllib3.exceptions.MaxRetryError: HTTPSConnectionPool(host='www.googleapis.com', port=443): Max retries exceeded with url: /youtube/v3/playlistItems?part=snippet&playlistId=UUfcQPMZg4tNk6tKUTHbAr0g&maxResults=50&key=AIzaSyBXeJBquCTaL9i-9p3S3nb1Tg-bl7issIY (Caused by NameResolutionError("<urllib3.connection.HTTPSConnection object at 0x7f52f0ea4ca0>: Failed to resolve 'www.googleapis.com' ([Errno -5] No address associated with hostname)"))
[2026-09-17T13:12:14.335+0000] {subprocess.py:93} INFO - 
[2026-09-17T13:12:14.340+0000] {subprocess.py:93} INFO - During handling of the above exception, another exception occurred:
[2026-09-17T13:12:14.343+0000] {subprocess.py:93} INFO - 
[2026-09-17T13:12:14.345+0000] {subprocess.py:93} INFO - Traceback (most recent call last):
[2026-09-17T13:12:14.349+0000] {subprocess.py:93} INFO -   File "/opt/***/src/youtube/get_playlist.py", line 32, in <module>
[2026-09-17T13:12:14.352+0000] {subprocess.py:93} INFO -     response = requests.get(url, params=params)
[2026-09-17T13:12:14.354+0000] {subprocess.py:93} INFO -   File "/home/***/.local/lib/python3.10/site-packages/requests/api.py", line 73, in get
[2026-09-17T13:12:14.362+0000] {subprocess.py:93} INFO -     return request("get", url, params=params, **kwargs)
[2026-09-17T13:12:14.365+0000] {subprocess.py:93} INFO -   File "/home/***/.local/lib/python3.10/site-packages/requests/api.py", line 59, in request
[2026-09-17T13:12:14.367+0000] {subprocess.py:93} INFO -     return session.request(method=method, url=url, **kwargs)
[2026-09-17T13:12:14.370+0000] {subprocess.py:93} INFO -   File "/home/***/.local/lib/python3.10/site-packages/requests/sessions.py", line 589, in request
[2026-09-17T13:12:14.372+0000] {subprocess.py:93} INFO -     resp = self.send(prep, **send_kwargs)
[2026-09-17T13:12:14.379+0000] {subprocess.py:93} INFO -   File "/home/***/.local/lib/python3.10/site-packages/requests/sessions.py", line 703, in send
[2026-09-17T13:12:14.381+0000] {subprocess.py:93} INFO -     r = adapter.send(request, **kwargs)
[2026-09-17T13:12:14.384+0000] {subprocess.py:93} INFO -   File "/home/***/.local/lib/python3.10/site-packages/requests/adapters.py", line 519, in send
[2026-09-17T13:12:14.386+0000] {subprocess.py:93} INFO -     raise ConnectionError(e, request=request)
[2026-09-17T13:12:14.388+0000] {subprocess.py:93} INFO - requests.exceptions.ConnectionError: HTTPSConnectionPool(host='www.googleapis.com', port=443): Max retries exceeded with url: /youtube/v3/playlistItems?part=snippet&playlistId=UUfcQPMZg4tNk6tKUTHbAr0g&maxResults=50&key=AIzaSyBXeJBquCTaL9i-9p3S3nb1Tg-bl7issIY (Caused by NameResolutionError("<urllib3.connection.HTTPSConnection object at 0x7f52f0ea4ca0>: Failed to resolve 'www.googleapis.com' ([Errno -5] No address associated with hostname)"))
[2026-09-17T13:12:14.391+0000] {subprocess.py:97} INFO - Command exited with return code 1
[2026-09-17T13:12:14.394+0000] {taskinstance.py:441} INFO - ::group::Post task execution logs
[2026-09-17T13:12:14.411+0000] {taskinstance.py:2905} ERROR - Task failed with exception
Traceback (most recent call last):
  File "/home/airflow/.local/lib/python3.10/site-packages/airflow/models/taskinstance.py", line 465, in _execute_task
    result = _execute_callable(context=context, **execute_callable_kwargs)
  File "/home/airflow/.local/lib/python3.10/site-packages/airflow/models/taskinstance.py", line 432, in _execute_callable
    return execute_callable(context=context, **execute_callable_kwargs)
  File "/home/airflow/.local/lib/python3.10/site-packages/airflow/models/baseoperator.py", line 401, in wrapper
    return func(self, *args, **kwargs)
  File "/home/airflow/.local/lib/python3.10/site-packages/airflow/operators/bash.py", line 243, in execute
    raise AirflowException(
airflow.exceptions.AirflowException: Bash command failed. The command returned a non-zero exit code 1.
[2026-09-17T13:12:14.418+0000] {taskinstance.py:1206} INFO - Marking task as FAILED. dag_id=youtube_extraction, task_id=extract_playlist, run_id=manual__2026-09-17T13:12:08+00:00, execution_date=20260917T131208, start_date=20260917T131208, end_date=20260917T131214
[2026-09-17T13:12:14.444+0000] {standard_task_runner.py:110} ERROR - Failed to execute job 30 for task extract_playlist (Bash command failed. The command returned a non-zero exit code 1.; 4858)
[2026-09-17T13:12:14.470+0000] {local_task_job_runner.py:240} INFO - Task exited with return code 1
[2026-09-17T13:12:14.508+0000] {taskinstance.py:3503} INFO - 0 downstream tasks scheduled from follow-on schedule check
[2026-09-17T13:12:14.519+0000] {local_task_job_runner.py:222} INFO - ::endgroup::
