[2026-09-16T15:12:28.709+0000] {local_task_job_runner.py:120} INFO - ::group::Pre task execution logs
[2026-09-16T15:12:28.749+0000] {taskinstance.py:2076} INFO - Dependencies all met for dep_context=non-requeueable deps ti=<TaskInstance: youtube_extraction.extract_playlist manual__2026-09-16T15:12:27+00:00 [queued]>
[2026-09-16T15:12:28.762+0000] {taskinstance.py:2076} INFO - Dependencies all met for dep_context=requeueable deps ti=<TaskInstance: youtube_extraction.extract_playlist manual__2026-09-16T15:12:27+00:00 [queued]>
[2026-09-16T15:12:28.763+0000] {taskinstance.py:2306} INFO - Starting attempt 1 of 1
[2026-09-16T15:12:28.787+0000] {taskinstance.py:2330} INFO - Executing <Task(BashOperator): extract_playlist> on 2026-09-16 15:12:27+00:00
[2026-09-16T15:12:28.792+0000] {standard_task_runner.py:63} INFO - Started process 2022 to run task
[2026-09-16T15:12:28.796+0000] {standard_task_runner.py:90} INFO - Running: ['***', 'tasks', 'run', 'youtube_extraction', 'extract_playlist', 'manual__2026-09-16T15:12:27+00:00', '--job-id', '6', '--raw', '--subdir', 'DAGS_FOLDER/youtube_extraction.py', '--cfg-path', '/tmp/tmpb__ml5_7']
[2026-09-16T15:12:28.799+0000] {standard_task_runner.py:91} INFO - Job 6: Subtask extract_playlist
[2026-09-16T15:12:28.870+0000] {task_command.py:426} INFO - Running <TaskInstance: youtube_extraction.extract_playlist manual__2026-09-16T15:12:27+00:00 [running]> on host dc2851615997
[2026-09-16T15:12:29.018+0000] {taskinstance.py:2648} INFO - Exporting env vars: AIRFLOW_CTX_DAG_OWNER='***' AIRFLOW_CTX_DAG_ID='youtube_extraction' AIRFLOW_CTX_TASK_ID='extract_playlist' AIRFLOW_CTX_EXECUTION_DATE='2026-09-16T15:12:27+00:00' AIRFLOW_CTX_TRY_NUMBER='1' AIRFLOW_CTX_DAG_RUN_ID='manual__2026-09-16T15:12:27+00:00'
[2026-09-16T15:12:29.021+0000] {taskinstance.py:430} INFO - ::endgroup::
[2026-09-16T15:12:29.072+0000] {subprocess.py:63} INFO - Tmp dir root location: /tmp
[2026-09-16T15:12:29.075+0000] {subprocess.py:75} INFO - Running command: ['/usr/bin/bash', '-c', 'python /opt/***/src/youtube/get_playlist.py']
[2026-09-16T15:12:29.087+0000] {subprocess.py:86} INFO - Output:
[2026-09-16T15:13:10.215+0000] {subprocess.py:93} INFO - Playlist status: 200
[2026-09-16T15:13:10.217+0000] {subprocess.py:93} INFO - Playlist status: 200
[2026-09-16T15:13:10.218+0000] {subprocess.py:93} INFO - Playlist status: 200
[2026-09-16T15:13:10.220+0000] {subprocess.py:93} INFO - Playlist status: 200
[2026-09-16T15:13:10.222+0000] {subprocess.py:93} INFO - Playlist status: 200
[2026-09-16T15:13:10.224+0000] {subprocess.py:93} INFO - Playlist status: 200
[2026-09-16T15:13:10.226+0000] {subprocess.py:93} INFO - Playlist status: 200
[2026-09-16T15:13:10.227+0000] {subprocess.py:93} INFO - Playlist status: 200
[2026-09-16T15:13:10.229+0000] {subprocess.py:93} INFO - Playlist status: 200
[2026-09-16T15:13:10.231+0000] {subprocess.py:93} INFO - Playlist status: 200
[2026-09-16T15:13:10.233+0000] {subprocess.py:93} INFO - Playlist status: 200
[2026-09-16T15:13:10.235+0000] {subprocess.py:93} INFO - Playlist status: 200
[2026-09-16T15:13:10.236+0000] {subprocess.py:93} INFO - Playlist status: 200
[2026-09-16T15:13:10.238+0000] {subprocess.py:93} INFO - Playlist status: 200
[2026-09-16T15:13:10.240+0000] {subprocess.py:93} INFO - Playlist status: 200
[2026-09-16T15:13:10.242+0000] {subprocess.py:93} INFO - Playlist status: 200
[2026-09-16T15:13:10.243+0000] {subprocess.py:93} INFO - Playlist status: 200
[2026-09-16T15:13:10.245+0000] {subprocess.py:93} INFO - Playlist status: 200
[2026-09-16T15:13:10.247+0000] {subprocess.py:93} INFO - Playlist status: 200
[2026-09-16T15:13:10.249+0000] {subprocess.py:93} INFO - Playlist status: 200
[2026-09-16T15:13:10.251+0000] {subprocess.py:93} INFO - Playlist status: 200
[2026-09-16T15:13:10.252+0000] {subprocess.py:93} INFO - Playlist status: 200
[2026-09-16T15:13:10.254+0000] {subprocess.py:93} INFO - Playlist status: 200
[2026-09-16T15:13:10.256+0000] {subprocess.py:93} INFO - Playlist status: 200
[2026-09-16T15:13:10.257+0000] {subprocess.py:93} INFO - Playlist status: 200
[2026-09-16T15:13:10.260+0000] {subprocess.py:93} INFO - Playlist status: 200
[2026-09-16T15:13:10.261+0000] {subprocess.py:93} INFO - Playlist status: 200
[2026-09-16T15:13:10.262+0000] {subprocess.py:93} INFO - Playlist status: 200
[2026-09-16T15:13:10.263+0000] {subprocess.py:93} INFO - Playlist status: 200
[2026-09-16T15:13:10.265+0000] {subprocess.py:93} INFO - Playlist status: 200
[2026-09-16T15:13:10.266+0000] {subprocess.py:93} INFO - Playlist status: 200
[2026-09-16T15:13:10.267+0000] {subprocess.py:93} INFO - Traceback (most recent call last):
[2026-09-16T15:13:10.268+0000] {subprocess.py:93} INFO -   File "/opt/***/src/youtube/get_playlist.py", line 51, in <module>
[2026-09-16T15:13:10.269+0000] {subprocess.py:93} INFO -     with open("data/playlist_videos.json", "w", encoding="utf-8") as file:
[2026-09-16T15:13:10.270+0000] {subprocess.py:93} INFO - FileNotFoundError: [Errno 2] No such file or directory: 'data/playlist_videos.json'
[2026-09-16T15:13:10.271+0000] {subprocess.py:97} INFO - Command exited with return code 1
[2026-09-16T15:13:10.273+0000] {taskinstance.py:441} INFO - ::group::Post task execution logs
[2026-09-16T15:13:10.288+0000] {taskinstance.py:2905} ERROR - Task failed with exception
Traceback (most recent call last):
  File "/home/airflow/.local/lib/python3.10/site-packages/airflow/models/taskinstance.py", line 465, in _execute_task
    result = _execute_callable(context=context, **execute_callable_kwargs)
  File "/home/airflow/.local/lib/python3.10/site-packages/airflow/models/taskinstance.py", line 432, in _execute_callable
    return execute_callable(context=context, **execute_callable_kwargs)
  File "/home/airflow/.local/lib/python3.10/site-packages/airflow/models/baseoperator.py", line 401, in wrapper
    return func(self, *args, **kwargs)
  File "/home/airflow/.local/lib/python3.10/site-packages/airflow/operators/bash.py", line 243, in execute
    raise AirflowException(
airflow.exceptions.AirflowException: Bash command failed. The command returned a non-zero exit code 1.
[2026-09-16T15:13:10.294+0000] {taskinstance.py:1206} INFO - Marking task as FAILED. dag_id=youtube_extraction, task_id=extract_playlist, run_id=manual__2026-09-16T15:12:27+00:00, execution_date=20260916T151227, start_date=20260916T151228, end_date=20260916T151310
[2026-09-16T15:13:10.317+0000] {standard_task_runner.py:110} ERROR - Failed to execute job 6 for task extract_playlist (Bash command failed. The command returned a non-zero exit code 1.; 2022)
[2026-09-16T15:13:10.335+0000] {local_task_job_runner.py:240} INFO - Task exited with return code 1
[2026-09-16T15:13:10.353+0000] {taskinstance.py:3503} INFO - 0 downstream tasks scheduled from follow-on schedule check
[2026-09-16T15:13:10.357+0000] {local_task_job_runner.py:222} INFO - ::endgroup::
