[2026-09-17T11:15:05.902+0000] {local_task_job_runner.py:120} INFO - ::group::Pre task execution logs
[2026-09-17T11:15:05.946+0000] {taskinstance.py:2076} INFO - Dependencies all met for dep_context=non-requeueable deps ti=<TaskInstance: youtube_extraction.get_video_details scheduled__2026-09-16T00:00:00+00:00 [queued]>
[2026-09-17T11:15:05.961+0000] {taskinstance.py:2076} INFO - Dependencies all met for dep_context=requeueable deps ti=<TaskInstance: youtube_extraction.get_video_details scheduled__2026-09-16T00:00:00+00:00 [queued]>
[2026-09-17T11:15:05.963+0000] {taskinstance.py:2306} INFO - Starting attempt 1 of 1
[2026-09-17T11:15:05.990+0000] {taskinstance.py:2330} INFO - Executing <Task(BashOperator): get_video_details> on 2026-09-16 00:00:00+00:00
[2026-09-17T11:15:05.998+0000] {standard_task_runner.py:63} INFO - Started process 1112 to run task
[2026-09-17T11:15:06.003+0000] {standard_task_runner.py:90} INFO - Running: ['***', 'tasks', 'run', 'youtube_extraction', 'get_video_details', 'scheduled__2026-09-16T00:00:00+00:00', '--job-id', '16', '--raw', '--subdir', 'DAGS_FOLDER/youtube_extraction.py', '--cfg-path', '/tmp/tmp8dyhg9u4']
[2026-09-17T11:15:06.008+0000] {standard_task_runner.py:91} INFO - Job 16: Subtask get_video_details
[2026-09-17T11:15:06.129+0000] {task_command.py:426} INFO - Running <TaskInstance: youtube_extraction.get_video_details scheduled__2026-09-16T00:00:00+00:00 [running]> on host dc2851615997
[2026-09-17T11:15:06.262+0000] {taskinstance.py:2648} INFO - Exporting env vars: AIRFLOW_CTX_DAG_OWNER='***' AIRFLOW_CTX_DAG_ID='youtube_extraction' AIRFLOW_CTX_TASK_ID='get_video_details' AIRFLOW_CTX_EXECUTION_DATE='2026-09-16T00:00:00+00:00' AIRFLOW_CTX_TRY_NUMBER='1' AIRFLOW_CTX_DAG_RUN_ID='scheduled__2026-09-16T00:00:00+00:00'
[2026-09-17T11:15:06.265+0000] {taskinstance.py:430} INFO - ::endgroup::
[2026-09-17T11:15:06.288+0000] {subprocess.py:63} INFO - Tmp dir root location: /tmp
[2026-09-17T11:15:06.290+0000] {subprocess.py:75} INFO - Running command: ['/usr/bin/bash', '-c', 'python /opt/***/src/youtube/get_video_details.py']
[2026-09-17T11:15:06.301+0000] {subprocess.py:86} INFO - Output:
[2026-09-17T11:15:20.821+0000] {subprocess.py:93} INFO - Videos loaded: 1526
[2026-09-17T11:15:20.823+0000] {subprocess.py:93} INFO - batch 1 | status: 200
[2026-09-17T11:15:20.824+0000] {subprocess.py:93} INFO - batch 2 | status: 200
[2026-09-17T11:15:20.826+0000] {subprocess.py:93} INFO - batch 3 | status: 200
[2026-09-17T11:15:20.829+0000] {subprocess.py:93} INFO - batch 4 | status: 200
[2026-09-17T11:15:20.830+0000] {subprocess.py:93} INFO - batch 5 | status: 200
[2026-09-17T11:15:20.832+0000] {subprocess.py:93} INFO - batch 6 | status: 200
[2026-09-17T11:15:20.833+0000] {subprocess.py:93} INFO - batch 7 | status: 200
[2026-09-17T11:15:20.835+0000] {subprocess.py:93} INFO - batch 8 | status: 200
[2026-09-17T11:15:20.837+0000] {subprocess.py:93} INFO - batch 9 | status: 200
[2026-09-17T11:15:20.839+0000] {subprocess.py:93} INFO - batch 10 | status: 200
[2026-09-17T11:15:20.841+0000] {subprocess.py:93} INFO - batch 11 | status: 200
[2026-09-17T11:15:20.843+0000] {subprocess.py:93} INFO - batch 12 | status: 200
[2026-09-17T11:15:20.845+0000] {subprocess.py:93} INFO - batch 13 | status: 200
[2026-09-17T11:15:20.847+0000] {subprocess.py:93} INFO - batch 14 | status: 200
[2026-09-17T11:15:20.849+0000] {subprocess.py:93} INFO - batch 15 | status: 200
[2026-09-17T11:15:20.850+0000] {subprocess.py:93} INFO - batch 16 | status: 200
[2026-09-17T11:15:20.852+0000] {subprocess.py:93} INFO - batch 17 | status: 200
[2026-09-17T11:15:20.853+0000] {subprocess.py:93} INFO - batch 18 | status: 200
[2026-09-17T11:15:20.854+0000] {subprocess.py:93} INFO - batch 19 | status: 200
[2026-09-17T11:15:20.856+0000] {subprocess.py:93} INFO - batch 20 | status: 200
[2026-09-17T11:15:20.857+0000] {subprocess.py:93} INFO - batch 21 | status: 200
[2026-09-17T11:15:20.859+0000] {subprocess.py:93} INFO - batch 22 | status: 200
[2026-09-17T11:15:20.860+0000] {subprocess.py:93} INFO - batch 23 | status: 200
[2026-09-17T11:15:20.862+0000] {subprocess.py:93} INFO - batch 24 | status: 200
[2026-09-17T11:15:20.864+0000] {subprocess.py:93} INFO - batch 25 | status: 200
[2026-09-17T11:15:20.865+0000] {subprocess.py:93} INFO - batch 26 | status: 200
[2026-09-17T11:15:20.866+0000] {subprocess.py:93} INFO - batch 27 | status: 200
[2026-09-17T11:15:20.868+0000] {subprocess.py:93} INFO - batch 28 | status: 200
[2026-09-17T11:15:20.869+0000] {subprocess.py:93} INFO - batch 29 | status: 200
[2026-09-17T11:15:20.870+0000] {subprocess.py:93} INFO - batch 30 | status: 200
[2026-09-17T11:15:20.871+0000] {subprocess.py:93} INFO - batch 31 | status: 200
[2026-09-17T11:15:20.872+0000] {subprocess.py:93} INFO - Raw JSON saved: /opt/***/data/YT_data_2026-09-17.json
[2026-09-17T11:15:20.873+0000] {subprocess.py:97} INFO - Command exited with return code 0
[2026-09-17T11:15:20.875+0000] {taskinstance.py:441} INFO - ::group::Post task execution logs
[2026-09-17T11:15:20.911+0000] {taskinstance.py:1206} INFO - Marking task as SUCCESS. dag_id=youtube_extraction, task_id=get_video_details, run_id=scheduled__2026-09-16T00:00:00+00:00, execution_date=20260916T000000, start_date=20260917T111505, end_date=20260917T111520
[2026-09-17T11:15:20.960+0000] {local_task_job_runner.py:240} INFO - Task exited with return code 0
[2026-09-17T11:15:20.983+0000] {taskinstance.py:3503} INFO - 1 downstream tasks scheduled from follow-on schedule check
[2026-09-17T11:15:20.988+0000] {local_task_job_runner.py:222} INFO - ::endgroup::
