[2026-09-17T11:20:01.048+0000] {local_task_job_runner.py:120} INFO - ::group::Pre task execution logs
[2026-09-17T11:20:01.089+0000] {taskinstance.py:2076} INFO - Dependencies all met for dep_context=non-requeueable deps ti=<TaskInstance: youtube_dwh_update.transform_core manual__2026-09-17T11:19:57.672065+00:00 [queued]>
[2026-09-17T11:20:01.103+0000] {taskinstance.py:2076} INFO - Dependencies all met for dep_context=requeueable deps ti=<TaskInstance: youtube_dwh_update.transform_core manual__2026-09-17T11:19:57.672065+00:00 [queued]>
[2026-09-17T11:20:01.105+0000] {taskinstance.py:2306} INFO - Starting attempt 1 of 1
[2026-09-17T11:20:01.127+0000] {taskinstance.py:2330} INFO - Executing <Task(BashOperator): transform_core> on 2026-09-17 11:19:57.672065+00:00
[2026-09-17T11:20:01.132+0000] {standard_task_runner.py:63} INFO - Started process 1298 to run task
[2026-09-17T11:20:01.136+0000] {standard_task_runner.py:90} INFO - Running: ['***', 'tasks', 'run', 'youtube_dwh_update', 'transform_core', 'manual__2026-09-17T11:19:57.672065+00:00', '--job-id', '29', '--raw', '--subdir', 'DAGS_FOLDER/youtube_dwh_update.py', '--cfg-path', '/tmp/tmplxjnm6qa']
[2026-09-17T11:20:01.139+0000] {standard_task_runner.py:91} INFO - Job 29: Subtask transform_core
[2026-09-17T11:20:01.212+0000] {task_command.py:426} INFO - Running <TaskInstance: youtube_dwh_update.transform_core manual__2026-09-17T11:19:57.672065+00:00 [running]> on host dc2851615997
[2026-09-17T11:20:01.310+0000] {taskinstance.py:2648} INFO - Exporting env vars: AIRFLOW_CTX_DAG_OWNER='***' AIRFLOW_CTX_DAG_ID='youtube_dwh_update' AIRFLOW_CTX_TASK_ID='transform_core' AIRFLOW_CTX_EXECUTION_DATE='2026-09-17T11:19:57.672065+00:00' AIRFLOW_CTX_TRY_NUMBER='1' AIRFLOW_CTX_DAG_RUN_ID='manual__2026-09-17T11:19:57.672065+00:00'
[2026-09-17T11:20:01.312+0000] {taskinstance.py:430} INFO - ::endgroup::
[2026-09-17T11:20:01.329+0000] {subprocess.py:63} INFO - Tmp dir root location: /tmp
[2026-09-17T11:20:01.331+0000] {subprocess.py:75} INFO - Running command: ['/usr/bin/bash', '-c', 'python /opt/***/src/youtube/transform_core.py']
[2026-09-17T11:20:01.340+0000] {subprocess.py:86} INFO - Output:
[2026-09-17T11:20:01.604+0000] {subprocess.py:93} INFO - Traceback (most recent call last):
[2026-09-17T11:20:01.605+0000] {subprocess.py:93} INFO -   File "/opt/***/src/youtube/transform_core.py", line 42, in <module>
[2026-09-17T11:20:01.607+0000] {subprocess.py:93} INFO -     connection = psycopg2.connect(
[2026-09-17T11:20:01.609+0000] {subprocess.py:93} INFO -   File "/home/***/.local/lib/python3.10/site-packages/psycopg2/__init__.py", line 122, in connect
[2026-09-17T11:20:01.610+0000] {subprocess.py:93} INFO -     conn = _connect(dsn, connection_factory=connection_factory, **kwasync)
[2026-09-17T11:20:01.613+0000] {subprocess.py:93} INFO - psycopg2.OperationalError: connection to server at "localhost" (::1), port 5432 failed: Connection refused
[2026-09-17T11:20:01.615+0000] {subprocess.py:93} INFO - 	Is the server running on that host and accepting TCP/IP connections?
[2026-09-17T11:20:01.616+0000] {subprocess.py:93} INFO - connection to server at "localhost" (127.0.0.1), port 5432 failed: Connection refused
[2026-09-17T11:20:01.618+0000] {subprocess.py:93} INFO - 	Is the server running on that host and accepting TCP/IP connections?
[2026-09-17T11:20:01.619+0000] {subprocess.py:93} INFO - 
[2026-09-17T11:20:01.623+0000] {subprocess.py:97} INFO - Command exited with return code 1
[2026-09-17T11:20:01.625+0000] {taskinstance.py:441} INFO - ::group::Post task execution logs
[2026-09-17T11:20:01.641+0000] {taskinstance.py:2905} ERROR - Task failed with exception
Traceback (most recent call last):
  File "/home/airflow/.local/lib/python3.10/site-packages/airflow/models/taskinstance.py", line 465, in _execute_task
    result = _execute_callable(context=context, **execute_callable_kwargs)
  File "/home/airflow/.local/lib/python3.10/site-packages/airflow/models/taskinstance.py", line 432, in _execute_callable
    return execute_callable(context=context, **execute_callable_kwargs)
  File "/home/airflow/.local/lib/python3.10/site-packages/airflow/models/baseoperator.py", line 401, in wrapper
    return func(self, *args, **kwargs)
  File "/home/airflow/.local/lib/python3.10/site-packages/airflow/operators/bash.py", line 243, in execute
    raise AirflowException(
airflow.exceptions.AirflowException: Bash command failed. The command returned a non-zero exit code 1.
[2026-09-17T11:20:01.648+0000] {taskinstance.py:1206} INFO - Marking task as FAILED. dag_id=youtube_dwh_update, task_id=transform_core, run_id=manual__2026-09-17T11:19:57.672065+00:00, execution_date=20260917T111957, start_date=20260917T112001, end_date=20260917T112001
[2026-09-17T11:20:01.676+0000] {standard_task_runner.py:110} ERROR - Failed to execute job 29 for task transform_core (Bash command failed. The command returned a non-zero exit code 1.; 1298)
[2026-09-17T11:20:01.726+0000] {local_task_job_runner.py:240} INFO - Task exited with return code 1
[2026-09-17T11:20:01.749+0000] {taskinstance.py:3503} INFO - 0 downstream tasks scheduled from follow-on schedule check
[2026-09-17T11:20:01.761+0000] {local_task_job_runner.py:222} INFO - ::endgroup::
