[2026-09-17T11:15:42.054+0000] {local_task_job_runner.py:120} INFO - ::group::Pre task execution logs
[2026-09-17T11:15:42.110+0000] {taskinstance.py:2076} INFO - Dependencies all met for dep_context=non-requeueable deps ti=<TaskInstance: youtube_extraction.extract_playlist manual__2026-09-17T11:15:41+00:00 [queued]>
[2026-09-17T11:15:42.129+0000] {taskinstance.py:2076} INFO - Dependencies all met for dep_context=requeueable deps ti=<TaskInstance: youtube_extraction.extract_playlist manual__2026-09-17T11:15:41+00:00 [queued]>
[2026-09-17T11:15:42.131+0000] {taskinstance.py:2306} INFO - Starting attempt 1 of 1
[2026-09-17T11:15:42.166+0000] {taskinstance.py:2330} INFO - Executing <Task(BashOperator): extract_playlist> on 2026-09-17 11:15:41+00:00
[2026-09-17T11:15:42.174+0000] {standard_task_runner.py:63} INFO - Started process 1128 to run task
[2026-09-17T11:15:42.179+0000] {standard_task_runner.py:90} INFO - Running: ['***', 'tasks', 'run', 'youtube_extraction', 'extract_playlist', 'manual__2026-09-17T11:15:41+00:00', '--job-id', '18', '--raw', '--subdir', 'DAGS_FOLDER/youtube_extraction.py', '--cfg-path', '/tmp/tmpur5aa0ru']
[2026-09-17T11:15:42.183+0000] {standard_task_runner.py:91} INFO - Job 18: Subtask extract_playlist
[2026-09-17T11:15:42.253+0000] {task_command.py:426} INFO - Running <TaskInstance: youtube_extraction.extract_playlist manual__2026-09-17T11:15:41+00:00 [running]> on host dc2851615997
[2026-09-17T11:15:42.371+0000] {taskinstance.py:2648} INFO - Exporting env vars: AIRFLOW_CTX_DAG_OWNER='***' AIRFLOW_CTX_DAG_ID='youtube_extraction' AIRFLOW_CTX_TASK_ID='extract_playlist' AIRFLOW_CTX_EXECUTION_DATE='2026-09-17T11:15:41+00:00' AIRFLOW_CTX_TRY_NUMBER='1' AIRFLOW_CTX_DAG_RUN_ID='manual__2026-09-17T11:15:41+00:00'
[2026-09-17T11:15:42.373+0000] {taskinstance.py:430} INFO - ::endgroup::
[2026-09-17T11:15:42.392+0000] {subprocess.py:63} INFO - Tmp dir root location: /tmp
[2026-09-17T11:15:42.394+0000] {subprocess.py:75} INFO - Running command: ['/usr/bin/bash', '-c', 'python /opt/***/src/youtube/get_playlist.py']
[2026-09-17T11:15:42.405+0000] {subprocess.py:86} INFO - Output:
[2026-09-17T11:15:59.791+0000] {subprocess.py:93} INFO - Playlist status: 200
[2026-09-17T11:15:59.792+0000] {subprocess.py:93} INFO - Playlist status: 200
[2026-09-17T11:15:59.794+0000] {subprocess.py:93} INFO - Playlist status: 200
[2026-09-17T11:15:59.795+0000] {subprocess.py:93} INFO - Playlist status: 200
[2026-09-17T11:15:59.798+0000] {subprocess.py:93} INFO - Playlist status: 200
[2026-09-17T11:15:59.799+0000] {subprocess.py:93} INFO - Playlist status: 200
[2026-09-17T11:15:59.802+0000] {subprocess.py:93} INFO - Playlist status: 200
[2026-09-17T11:15:59.805+0000] {subprocess.py:93} INFO - Playlist status: 200
[2026-09-17T11:15:59.807+0000] {subprocess.py:93} INFO - Playlist status: 200
[2026-09-17T11:15:59.808+0000] {subprocess.py:93} INFO - Playlist status: 200
[2026-09-17T11:15:59.810+0000] {subprocess.py:93} INFO - Playlist status: 200
[2026-09-17T11:15:59.812+0000] {subprocess.py:93} INFO - Playlist status: 200
[2026-09-17T11:15:59.813+0000] {subprocess.py:93} INFO - Playlist status: 200
[2026-09-17T11:15:59.815+0000] {subprocess.py:93} INFO - Playlist status: 200
[2026-09-17T11:15:59.816+0000] {subprocess.py:93} INFO - Playlist status: 200
[2026-09-17T11:15:59.818+0000] {subprocess.py:93} INFO - Playlist status: 200
[2026-09-17T11:15:59.820+0000] {subprocess.py:93} INFO - Playlist status: 200
[2026-09-17T11:15:59.822+0000] {subprocess.py:93} INFO - Playlist status: 200
[2026-09-17T11:15:59.823+0000] {subprocess.py:93} INFO - Playlist status: 200
[2026-09-17T11:15:59.825+0000] {subprocess.py:93} INFO - Playlist status: 200
[2026-09-17T11:15:59.826+0000] {subprocess.py:93} INFO - Playlist status: 200
[2026-09-17T11:15:59.827+0000] {subprocess.py:93} INFO - Playlist status: 200
[2026-09-17T11:15:59.829+0000] {subprocess.py:93} INFO - Playlist status: 200
[2026-09-17T11:15:59.830+0000] {subprocess.py:93} INFO - Playlist status: 200
[2026-09-17T11:15:59.832+0000] {subprocess.py:93} INFO - Playlist status: 200
[2026-09-17T11:15:59.833+0000] {subprocess.py:93} INFO - Playlist status: 200
[2026-09-17T11:15:59.836+0000] {subprocess.py:93} INFO - Playlist status: 200
[2026-09-17T11:15:59.837+0000] {subprocess.py:93} INFO - Playlist status: 200
[2026-09-17T11:15:59.839+0000] {subprocess.py:93} INFO - Playlist status: 200
[2026-09-17T11:15:59.841+0000] {subprocess.py:93} INFO - Playlist status: 200
[2026-09-17T11:15:59.842+0000] {subprocess.py:93} INFO - Playlist status: 200
[2026-09-17T11:15:59.843+0000] {subprocess.py:93} INFO - Total videos: 1526
[2026-09-17T11:15:59.844+0000] {subprocess.py:93} INFO - Playlist data saved.
[2026-09-17T11:15:59.845+0000] {subprocess.py:97} INFO - Command exited with return code 0
[2026-09-17T11:15:59.846+0000] {taskinstance.py:441} INFO - ::group::Post task execution logs
[2026-09-17T11:15:59.881+0000] {taskinstance.py:1206} INFO - Marking task as SUCCESS. dag_id=youtube_extraction, task_id=extract_playlist, run_id=manual__2026-09-17T11:15:41+00:00, execution_date=20260917T111541, start_date=20260917T111542, end_date=20260917T111559
[2026-09-17T11:15:59.936+0000] {local_task_job_runner.py:240} INFO - Task exited with return code 0
[2026-09-17T11:15:59.965+0000] {taskinstance.py:3503} INFO - 1 downstream tasks scheduled from follow-on schedule check
[2026-09-17T11:15:59.970+0000] {local_task_job_runner.py:222} INFO - ::endgroup::
