[2026-09-17T13:17:43.834+0000] {local_task_job_runner.py:120} INFO - ::group::Pre task execution logs
[2026-09-17T13:17:43.875+0000] {taskinstance.py:2076} INFO - Dependencies all met for dep_context=non-requeueable deps ti=<TaskInstance: youtube_dwh_update.load_staging manual__2026-09-17T13:17:42.982528+00:00 [queued]>
[2026-09-17T13:17:43.888+0000] {taskinstance.py:2076} INFO - Dependencies all met for dep_context=requeueable deps ti=<TaskInstance: youtube_dwh_update.load_staging manual__2026-09-17T13:17:42.982528+00:00 [queued]>
[2026-09-17T13:17:43.889+0000] {taskinstance.py:2306} INFO - Starting attempt 1 of 1
[2026-09-17T13:17:43.908+0000] {taskinstance.py:2330} INFO - Executing <Task(BashOperator): load_staging> on 2026-09-17 13:17:42.982528+00:00
[2026-09-17T13:17:43.913+0000] {standard_task_runner.py:63} INFO - Started process 5056 to run task
[2026-09-17T13:17:43.919+0000] {standard_task_runner.py:90} INFO - Running: ['***', 'tasks', 'run', 'youtube_dwh_update', 'load_staging', 'manual__2026-09-17T13:17:42.982528+00:00', '--job-id', '36', '--raw', '--subdir', 'DAGS_FOLDER/youtube_dwh_update.py', '--cfg-path', '/tmp/tmpni0vhxee']
[2026-09-17T13:17:43.922+0000] {standard_task_runner.py:91} INFO - Job 36: Subtask load_staging
[2026-09-17T13:17:43.999+0000] {task_command.py:426} INFO - Running <TaskInstance: youtube_dwh_update.load_staging manual__2026-09-17T13:17:42.982528+00:00 [running]> on host dc2851615997
[2026-09-17T13:17:44.094+0000] {taskinstance.py:2648} INFO - Exporting env vars: AIRFLOW_CTX_DAG_OWNER='***' AIRFLOW_CTX_DAG_ID='youtube_dwh_update' AIRFLOW_CTX_TASK_ID='load_staging' AIRFLOW_CTX_EXECUTION_DATE='2026-09-17T13:17:42.982528+00:00' AIRFLOW_CTX_TRY_NUMBER='1' AIRFLOW_CTX_DAG_RUN_ID='manual__2026-09-17T13:17:42.982528+00:00'
[2026-09-17T13:17:44.096+0000] {taskinstance.py:430} INFO - ::endgroup::
[2026-09-17T13:17:44.115+0000] {subprocess.py:63} INFO - Tmp dir root location: /tmp
[2026-09-17T13:17:44.118+0000] {subprocess.py:75} INFO - Running command: ['/usr/bin/bash', '-c', 'python /opt/***/src/youtube/load_staging.py']
[2026-09-17T13:17:44.129+0000] {subprocess.py:86} INFO - Output:
[2026-09-17T13:17:44.825+0000] {subprocess.py:93} INFO - Videos loaded from JSON: 1526
[2026-09-17T13:17:44.827+0000] {subprocess.py:93} INFO - Deleted rows from staging: 0
[2026-09-17T13:17:44.829+0000] {subprocess.py:93} INFO - Staging table updated successfully.
[2026-09-17T13:17:44.840+0000] {subprocess.py:97} INFO - Command exited with return code 0
[2026-09-17T13:17:44.842+0000] {taskinstance.py:441} INFO - ::group::Post task execution logs
[2026-09-17T13:17:44.874+0000] {taskinstance.py:1206} INFO - Marking task as SUCCESS. dag_id=youtube_dwh_update, task_id=load_staging, run_id=manual__2026-09-17T13:17:42.982528+00:00, execution_date=20260917T131742, start_date=20260917T131743, end_date=20260917T131744
[2026-09-17T13:17:44.917+0000] {local_task_job_runner.py:240} INFO - Task exited with return code 0
[2026-09-17T13:17:44.943+0000] {taskinstance.py:3503} INFO - 1 downstream tasks scheduled from follow-on schedule check
[2026-09-17T13:17:44.949+0000] {local_task_job_runner.py:222} INFO - ::endgroup::
