[2026-09-16T15:43:19.063+0000] {local_task_job_runner.py:120} INFO - ::group::Pre task execution logs
[2026-09-16T15:43:19.105+0000] {taskinstance.py:2076} INFO - Dependencies all met for dep_context=non-requeueable deps ti=<TaskInstance: youtube_extraction.extract_playlist manual__2026-09-16T15:43:18.012546+00:00 [queued]>
[2026-09-16T15:43:19.119+0000] {taskinstance.py:2076} INFO - Dependencies all met for dep_context=requeueable deps ti=<TaskInstance: youtube_extraction.extract_playlist manual__2026-09-16T15:43:18.012546+00:00 [queued]>
[2026-09-16T15:43:19.121+0000] {taskinstance.py:2306} INFO - Starting attempt 1 of 1
[2026-09-16T15:43:19.151+0000] {taskinstance.py:2330} INFO - Executing <Task(BashOperator): extract_playlist> on 2026-09-16 15:43:18.012546+00:00
[2026-09-16T15:43:19.156+0000] {standard_task_runner.py:63} INFO - Started process 2752 to run task
[2026-09-16T15:43:19.160+0000] {standard_task_runner.py:90} INFO - Running: ['***', 'tasks', 'run', 'youtube_extraction', 'extract_playlist', 'manual__2026-09-16T15:43:18.012546+00:00', '--job-id', '11', '--raw', '--subdir', 'DAGS_FOLDER/youtube_extraction.py', '--cfg-path', '/tmp/tmp326amswg']
[2026-09-16T15:43:19.165+0000] {standard_task_runner.py:91} INFO - Job 11: Subtask extract_playlist
[2026-09-16T15:43:19.239+0000] {task_command.py:426} INFO - Running <TaskInstance: youtube_extraction.extract_playlist manual__2026-09-16T15:43:18.012546+00:00 [running]> on host dc2851615997
[2026-09-16T15:43:19.380+0000] {taskinstance.py:2648} INFO - Exporting env vars: AIRFLOW_CTX_DAG_OWNER='***' AIRFLOW_CTX_DAG_ID='youtube_extraction' AIRFLOW_CTX_TASK_ID='extract_playlist' AIRFLOW_CTX_EXECUTION_DATE='2026-09-16T15:43:18.012546+00:00' AIRFLOW_CTX_TRY_NUMBER='1' AIRFLOW_CTX_DAG_RUN_ID='manual__2026-09-16T15:43:18.012546+00:00'
[2026-09-16T15:43:19.384+0000] {taskinstance.py:430} INFO - ::endgroup::
[2026-09-16T15:43:19.398+0000] {subprocess.py:63} INFO - Tmp dir root location: /tmp
[2026-09-16T15:43:19.402+0000] {subprocess.py:75} INFO - Running command: ['/usr/bin/bash', '-c', 'python /opt/***/src/youtube/get_playlist.py']
[2026-09-16T15:43:19.413+0000] {subprocess.py:86} INFO - Output:
[2026-09-16T15:43:36.231+0000] {subprocess.py:93} INFO - Playlist status: 200
[2026-09-16T15:43:36.233+0000] {subprocess.py:93} INFO - Playlist status: 200
[2026-09-16T15:43:36.235+0000] {subprocess.py:93} INFO - Playlist status: 200
[2026-09-16T15:43:36.236+0000] {subprocess.py:93} INFO - Playlist status: 200
[2026-09-16T15:43:36.238+0000] {subprocess.py:93} INFO - Playlist status: 200
[2026-09-16T15:43:36.240+0000] {subprocess.py:93} INFO - Playlist status: 200
[2026-09-16T15:43:36.242+0000] {subprocess.py:93} INFO - Playlist status: 200
[2026-09-16T15:43:36.244+0000] {subprocess.py:93} INFO - Playlist status: 200
[2026-09-16T15:43:36.245+0000] {subprocess.py:93} INFO - Playlist status: 200
[2026-09-16T15:43:36.247+0000] {subprocess.py:93} INFO - Playlist status: 200
[2026-09-16T15:43:36.248+0000] {subprocess.py:93} INFO - Playlist status: 200
[2026-09-16T15:43:36.249+0000] {subprocess.py:93} INFO - Playlist status: 200
[2026-09-16T15:43:36.251+0000] {subprocess.py:93} INFO - Playlist status: 200
[2026-09-16T15:43:36.253+0000] {subprocess.py:93} INFO - Playlist status: 200
[2026-09-16T15:43:36.255+0000] {subprocess.py:93} INFO - Playlist status: 200
[2026-09-16T15:43:36.257+0000] {subprocess.py:93} INFO - Playlist status: 200
[2026-09-16T15:43:36.258+0000] {subprocess.py:93} INFO - Playlist status: 200
[2026-09-16T15:43:36.260+0000] {subprocess.py:93} INFO - Playlist status: 200
[2026-09-16T15:43:36.262+0000] {subprocess.py:93} INFO - Playlist status: 200
[2026-09-16T15:43:36.264+0000] {subprocess.py:93} INFO - Playlist status: 200
[2026-09-16T15:43:36.266+0000] {subprocess.py:93} INFO - Playlist status: 200
[2026-09-16T15:43:36.267+0000] {subprocess.py:93} INFO - Playlist status: 200
[2026-09-16T15:43:36.269+0000] {subprocess.py:93} INFO - Playlist status: 200
[2026-09-16T15:43:36.271+0000] {subprocess.py:93} INFO - Playlist status: 200
[2026-09-16T15:43:36.273+0000] {subprocess.py:93} INFO - Playlist status: 200
[2026-09-16T15:43:36.275+0000] {subprocess.py:93} INFO - Playlist status: 200
[2026-09-16T15:43:36.276+0000] {subprocess.py:93} INFO - Playlist status: 200
[2026-09-16T15:43:36.277+0000] {subprocess.py:93} INFO - Playlist status: 200
[2026-09-16T15:43:36.279+0000] {subprocess.py:93} INFO - Playlist status: 200
[2026-09-16T15:43:36.279+0000] {subprocess.py:93} INFO - Playlist status: 200
[2026-09-16T15:43:36.281+0000] {subprocess.py:93} INFO - Playlist status: 200
[2026-09-16T15:43:36.283+0000] {subprocess.py:93} INFO - Total videos: 1525
[2026-09-16T15:43:36.285+0000] {subprocess.py:93} INFO - Playlist data saved.
[2026-09-16T15:43:36.286+0000] {subprocess.py:97} INFO - Command exited with return code 0
[2026-09-16T15:43:36.288+0000] {taskinstance.py:441} INFO - ::group::Post task execution logs
[2026-09-16T15:43:36.324+0000] {taskinstance.py:1206} INFO - Marking task as SUCCESS. dag_id=youtube_extraction, task_id=extract_playlist, run_id=manual__2026-09-16T15:43:18.012546+00:00, execution_date=20260916T154318, start_date=20260916T154319, end_date=20260916T154336
[2026-09-16T15:43:36.388+0000] {local_task_job_runner.py:240} INFO - Task exited with return code 0
[2026-09-16T15:43:36.410+0000] {taskinstance.py:3503} INFO - 1 downstream tasks scheduled from follow-on schedule check
[2026-09-16T15:43:36.420+0000] {local_task_job_runner.py:222} INFO - ::endgroup::
