[2026-09-17T11:14:49.310+0000] {local_task_job_runner.py:120} INFO - ::group::Pre task execution logs
[2026-09-17T11:14:49.351+0000] {taskinstance.py:2076} INFO - Dependencies all met for dep_context=non-requeueable deps ti=<TaskInstance: youtube_extraction.extract_playlist scheduled__2026-09-16T00:00:00+00:00 [queued]>
[2026-09-17T11:14:49.368+0000] {taskinstance.py:2076} INFO - Dependencies all met for dep_context=requeueable deps ti=<TaskInstance: youtube_extraction.extract_playlist scheduled__2026-09-16T00:00:00+00:00 [queued]>
[2026-09-17T11:14:49.369+0000] {taskinstance.py:2306} INFO - Starting attempt 1 of 1
[2026-09-17T11:14:49.393+0000] {taskinstance.py:2330} INFO - Executing <Task(BashOperator): extract_playlist> on 2026-09-16 00:00:00+00:00
[2026-09-17T11:14:49.399+0000] {standard_task_runner.py:63} INFO - Started process 1103 to run task
[2026-09-17T11:14:49.404+0000] {standard_task_runner.py:90} INFO - Running: ['***', 'tasks', 'run', 'youtube_extraction', 'extract_playlist', 'scheduled__2026-09-16T00:00:00+00:00', '--job-id', '15', '--raw', '--subdir', 'DAGS_FOLDER/youtube_extraction.py', '--cfg-path', '/tmp/tmpfz_ob9vj']
[2026-09-17T11:14:49.407+0000] {standard_task_runner.py:91} INFO - Job 15: Subtask extract_playlist
[2026-09-17T11:14:49.500+0000] {task_command.py:426} INFO - Running <TaskInstance: youtube_extraction.extract_playlist scheduled__2026-09-16T00:00:00+00:00 [running]> on host dc2851615997
[2026-09-17T11:14:49.641+0000] {taskinstance.py:2648} INFO - Exporting env vars: AIRFLOW_CTX_DAG_OWNER='***' AIRFLOW_CTX_DAG_ID='youtube_extraction' AIRFLOW_CTX_TASK_ID='extract_playlist' AIRFLOW_CTX_EXECUTION_DATE='2026-09-16T00:00:00+00:00' AIRFLOW_CTX_TRY_NUMBER='1' AIRFLOW_CTX_DAG_RUN_ID='scheduled__2026-09-16T00:00:00+00:00'
[2026-09-17T11:14:49.645+0000] {taskinstance.py:430} INFO - ::endgroup::
[2026-09-17T11:14:49.678+0000] {subprocess.py:63} INFO - Tmp dir root location: /tmp
[2026-09-17T11:14:49.681+0000] {subprocess.py:75} INFO - Running command: ['/usr/bin/bash', '-c', 'python /opt/***/src/youtube/get_playlist.py']
[2026-09-17T11:14:49.692+0000] {subprocess.py:86} INFO - Output:
[2026-09-17T11:15:05.161+0000] {subprocess.py:93} INFO - Playlist status: 200
[2026-09-17T11:15:05.165+0000] {subprocess.py:93} INFO - Playlist status: 200
[2026-09-17T11:15:05.167+0000] {subprocess.py:93} INFO - Playlist status: 200
[2026-09-17T11:15:05.170+0000] {subprocess.py:93} INFO - Playlist status: 200
[2026-09-17T11:15:05.177+0000] {subprocess.py:93} INFO - Playlist status: 200
[2026-09-17T11:15:05.179+0000] {subprocess.py:93} INFO - Playlist status: 200
[2026-09-17T11:15:05.181+0000] {subprocess.py:93} INFO - Playlist status: 200
[2026-09-17T11:15:05.183+0000] {subprocess.py:93} INFO - Playlist status: 200
[2026-09-17T11:15:05.185+0000] {subprocess.py:93} INFO - Playlist status: 200
[2026-09-17T11:15:05.189+0000] {subprocess.py:93} INFO - Playlist status: 200
[2026-09-17T11:15:05.193+0000] {subprocess.py:93} INFO - Playlist status: 200
[2026-09-17T11:15:05.196+0000] {subprocess.py:93} INFO - Playlist status: 200
[2026-09-17T11:15:05.198+0000] {subprocess.py:93} INFO - Playlist status: 200
[2026-09-17T11:15:05.200+0000] {subprocess.py:93} INFO - Playlist status: 200
[2026-09-17T11:15:05.202+0000] {subprocess.py:93} INFO - Playlist status: 200
[2026-09-17T11:15:05.204+0000] {subprocess.py:93} INFO - Playlist status: 200
[2026-09-17T11:15:05.207+0000] {subprocess.py:93} INFO - Playlist status: 200
[2026-09-17T11:15:05.209+0000] {subprocess.py:93} INFO - Playlist status: 200
[2026-09-17T11:15:05.211+0000] {subprocess.py:93} INFO - Playlist status: 200
[2026-09-17T11:15:05.213+0000] {subprocess.py:93} INFO - Playlist status: 200
[2026-09-17T11:15:05.215+0000] {subprocess.py:93} INFO - Playlist status: 200
[2026-09-17T11:15:05.218+0000] {subprocess.py:93} INFO - Playlist status: 200
[2026-09-17T11:15:05.221+0000] {subprocess.py:93} INFO - Playlist status: 200
[2026-09-17T11:15:05.223+0000] {subprocess.py:93} INFO - Playlist status: 200
[2026-09-17T11:15:05.225+0000] {subprocess.py:93} INFO - Playlist status: 200
[2026-09-17T11:15:05.226+0000] {subprocess.py:93} INFO - Playlist status: 200
[2026-09-17T11:15:05.229+0000] {subprocess.py:93} INFO - Playlist status: 200
[2026-09-17T11:15:05.231+0000] {subprocess.py:93} INFO - Playlist status: 200
[2026-09-17T11:15:05.233+0000] {subprocess.py:93} INFO - Playlist status: 200
[2026-09-17T11:15:05.235+0000] {subprocess.py:93} INFO - Playlist status: 200
[2026-09-17T11:15:05.237+0000] {subprocess.py:93} INFO - Playlist status: 200
[2026-09-17T11:15:05.240+0000] {subprocess.py:93} INFO - Total videos: 1526
[2026-09-17T11:15:05.242+0000] {subprocess.py:93} INFO - Playlist data saved.
[2026-09-17T11:15:05.243+0000] {subprocess.py:97} INFO - Command exited with return code 0
[2026-09-17T11:15:05.245+0000] {taskinstance.py:441} INFO - ::group::Post task execution logs
[2026-09-17T11:15:05.290+0000] {taskinstance.py:1206} INFO - Marking task as SUCCESS. dag_id=youtube_extraction, task_id=extract_playlist, run_id=scheduled__2026-09-16T00:00:00+00:00, execution_date=20260916T000000, start_date=20260917T111449, end_date=20260917T111505
[2026-09-17T11:15:05.321+0000] {local_task_job_runner.py:240} INFO - Task exited with return code 0
[2026-09-17T11:15:05.357+0000] {taskinstance.py:3503} INFO - 1 downstream tasks scheduled from follow-on schedule check
[2026-09-17T11:15:05.361+0000] {local_task_job_runner.py:222} INFO - ::endgroup::
