[2026-09-17T13:13:44.278+0000] {local_task_job_runner.py:120} INFO - ::group::Pre task execution logs
[2026-09-17T13:13:44.325+0000] {taskinstance.py:2076} INFO - Dependencies all met for dep_context=non-requeueable deps ti=<TaskInstance: youtube_extraction.extract_playlist __airflow_temporary_run_2026-09-17T13:13:42.853198+00:00__ [queued]>
[2026-09-17T13:13:44.337+0000] {taskinstance.py:2076} INFO - Dependencies all met for dep_context=requeueable deps ti=<TaskInstance: youtube_extraction.extract_playlist __airflow_temporary_run_2026-09-17T13:13:42.853198+00:00__ [queued]>
[2026-09-17T13:13:44.339+0000] {taskinstance.py:2306} INFO - Starting attempt 1 of 1
[2026-09-17T13:13:44.361+0000] {taskinstance.py:2330} INFO - Executing <Task(BashOperator): extract_playlist> on 2026-09-17 00:00:00+00:00
[2026-09-17T13:13:44.367+0000] {standard_task_runner.py:63} INFO - Started process 4914 to run task
[2026-09-17T13:13:44.371+0000] {standard_task_runner.py:90} INFO - Running: ['***', 'tasks', 'run', 'youtube_extraction', 'extract_playlist', '__***_temporary_run_2026-09-17T13:13:42.853198+00:00__', '--job-id', '31', '--raw', '--subdir', 'DAGS_FOLDER/youtube_extraction.py', '--cfg-path', '/tmp/tmpmxh2vhw1']
[2026-09-17T13:13:44.375+0000] {standard_task_runner.py:91} INFO - Job 31: Subtask extract_playlist
[2026-09-17T13:13:44.449+0000] {task_command.py:426} INFO - Running <TaskInstance: youtube_extraction.extract_playlist __airflow_temporary_run_2026-09-17T13:13:42.853198+00:00__ [running]> on host dc2851615997
[2026-09-17T13:13:44.578+0000] {taskinstance.py:2648} INFO - Exporting env vars: AIRFLOW_CTX_DAG_OWNER='***' AIRFLOW_CTX_DAG_ID='youtube_extraction' AIRFLOW_CTX_TASK_ID='extract_playlist' AIRFLOW_CTX_EXECUTION_DATE='2026-09-17T00:00:00+00:00' AIRFLOW_CTX_TRY_NUMBER='1' AIRFLOW_CTX_DAG_RUN_ID='__***_temporary_run_2026-09-17T13:13:42.853198+00:00__'
[2026-09-17T13:13:44.580+0000] {taskinstance.py:430} INFO - ::endgroup::
[2026-09-17T13:13:44.605+0000] {subprocess.py:63} INFO - Tmp dir root location: /tmp
[2026-09-17T13:13:44.607+0000] {subprocess.py:75} INFO - Running command: ['/usr/bin/bash', '-c', 'python /opt/***/src/youtube/get_playlist.py']
[2026-09-17T13:13:44.618+0000] {subprocess.py:86} INFO - Output:
[2026-09-17T13:13:59.591+0000] {local_task_job_runner.py:310} WARNING - State of this instance has been externally set to None. Terminating instance.
[2026-09-17T13:13:59.594+0000] {local_task_job_runner.py:222} INFO - ::endgroup::
[2026-09-17T13:13:59.597+0000] {process_utils.py:132} INFO - Sending 15 to group 4914. PIDs of all processes in the group: [4915, 4914]
[2026-09-17T13:13:59.598+0000] {process_utils.py:87} INFO - Sending the signal 15 to group 4914
[2026-09-17T13:13:59.602+0000] {taskinstance.py:2611} ERROR - Received SIGTERM. Terminating subprocesses.
[2026-09-17T13:13:59.604+0000] {subprocess.py:104} INFO - Sending SIGTERM signal to process group
[2026-09-17T13:13:59.607+0000] {taskinstance.py:441} INFO - ::group::Post task execution logs
[2026-09-17T13:13:59.623+0000] {taskinstance.py:2905} ERROR - Task failed with exception
Traceback (most recent call last):
  File "/home/airflow/.local/lib/python3.10/site-packages/airflow/models/taskinstance.py", line 465, in _execute_task
    result = _execute_callable(context=context, **execute_callable_kwargs)
  File "/home/airflow/.local/lib/python3.10/site-packages/airflow/models/taskinstance.py", line 432, in _execute_callable
    return execute_callable(context=context, **execute_callable_kwargs)
  File "/home/airflow/.local/lib/python3.10/site-packages/airflow/models/baseoperator.py", line 401, in wrapper
    return func(self, *args, **kwargs)
  File "/home/airflow/.local/lib/python3.10/site-packages/airflow/operators/bash.py", line 234, in execute
    result = self.subprocess_hook.run_command(
  File "/home/airflow/.local/lib/python3.10/site-packages/airflow/hooks/subprocess.py", line 91, in run_command
    for raw_line in iter(self.sub_process.stdout.readline, b""):
  File "/home/airflow/.local/lib/python3.10/site-packages/airflow/models/taskinstance.py", line 2613, in signal_handler
    raise AirflowTaskTerminated("Task received SIGTERM signal")
airflow.exceptions.AirflowTaskTerminated: Task received SIGTERM signal
[2026-09-17T13:13:59.629+0000] {taskinstance.py:1206} INFO - Marking task as FAILED. dag_id=youtube_extraction, task_id=extract_playlist, run_id=__***_temporary_run_2026-09-17T13:13:42.853198+00:00__, execution_date=20260917T000000, start_date=20260917T131344, end_date=20260917T131359
[2026-09-17T13:13:59.654+0000] {standard_task_runner.py:110} ERROR - Failed to execute job 31 for task extract_playlist ((psycopg2.errors.ForeignKeyViolation) insert or update on table "task_fail" violates foreign key constraint "task_fail_ti_fkey"
DETAIL:  Key (dag_id, task_id, run_id, map_index)=(youtube_extraction, extract_playlist, __airflow_temporary_run_2026-09-17T13:13:42.853198+00:00__, -1) is not present in table "task_instance".

[SQL: INSERT INTO task_fail (task_id, dag_id, run_id, map_index, start_date, end_date, duration) VALUES (%(task_id)s, %(dag_id)s, %(run_id)s, %(map_index)s, %(start_date)s, %(end_date)s, %(duration)s) RETURNING task_fail.id]
[parameters: {'task_id': 'extract_playlist', 'dag_id': 'youtube_extraction', 'run_id': '__airflow_temporary_run_2026-09-17T13:13:42.853198+00:00__', 'map_index': -1, 'start_date': datetime.datetime(2026, 9, 17, 13, 13, 44, 326781, tzinfo=Timezone('UTC')), 'end_date': datetime.datetime(2026, 9, 17, 13, 13, 59, 628514, tzinfo=Timezone('UTC')), 'duration': 15}]
(Background on this error at: https://sqlalche.me/e/14/gkpj); 4914)
[2026-09-17T13:13:59.702+0000] {process_utils.py:80} INFO - Process psutil.Process(pid=4914, status='terminated', exitcode=1, started='13:13:43') (4914) terminated with exit code 1
[2026-09-17T13:13:59.704+0000] {process_utils.py:80} INFO - Process psutil.Process(pid=4915, status='terminated', started='13:13:44') (4915) terminated with exit code None
