[2026-09-16T15:39:42.374+0000] {local_task_job_runner.py:120} INFO - ::group::Pre task execution logs
[2026-09-16T15:39:42.411+0000] {taskinstance.py:2076} INFO - Dependencies all met for dep_context=non-requeueable deps ti=<TaskInstance: youtube_extraction.get_video_details manual__2026-09-16T15:39:26+00:00 [queued]>
[2026-09-16T15:39:42.424+0000] {taskinstance.py:2076} INFO - Dependencies all met for dep_context=requeueable deps ti=<TaskInstance: youtube_extraction.get_video_details manual__2026-09-16T15:39:26+00:00 [queued]>
[2026-09-16T15:39:42.425+0000] {taskinstance.py:2306} INFO - Starting attempt 1 of 1
[2026-09-16T15:39:42.453+0000] {taskinstance.py:2330} INFO - Executing <Task(BashOperator): get_video_details> on 2026-09-16 15:39:26+00:00
[2026-09-16T15:39:42.459+0000] {standard_task_runner.py:63} INFO - Started process 2656 to run task
[2026-09-16T15:39:42.464+0000] {standard_task_runner.py:90} INFO - Running: ['***', 'tasks', 'run', 'youtube_extraction', 'get_video_details', 'manual__2026-09-16T15:39:26+00:00', '--job-id', '8', '--raw', '--subdir', 'DAGS_FOLDER/youtube_extraction.py', '--cfg-path', '/tmp/tmp_yoj0myn']
[2026-09-16T15:39:42.468+0000] {standard_task_runner.py:91} INFO - Job 8: Subtask get_video_details
[2026-09-16T15:39:42.533+0000] {task_command.py:426} INFO - Running <TaskInstance: youtube_extraction.get_video_details manual__2026-09-16T15:39:26+00:00 [running]> on host dc2851615997
[2026-09-16T15:39:42.658+0000] {taskinstance.py:2648} INFO - Exporting env vars: AIRFLOW_CTX_DAG_OWNER='***' AIRFLOW_CTX_DAG_ID='youtube_extraction' AIRFLOW_CTX_TASK_ID='get_video_details' AIRFLOW_CTX_EXECUTION_DATE='2026-09-16T15:39:26+00:00' AIRFLOW_CTX_TRY_NUMBER='1' AIRFLOW_CTX_DAG_RUN_ID='manual__2026-09-16T15:39:26+00:00'
[2026-09-16T15:39:42.661+0000] {taskinstance.py:430} INFO - ::endgroup::
[2026-09-16T15:39:42.676+0000] {subprocess.py:63} INFO - Tmp dir root location: /tmp
[2026-09-16T15:39:42.678+0000] {subprocess.py:75} INFO - Running command: ['/usr/bin/bash', '-c', 'python /opt/***/src/youtube/get_video_details.py']
[2026-09-16T15:39:42.688+0000] {subprocess.py:86} INFO - Output:
[2026-09-16T15:39:57.627+0000] {subprocess.py:93} INFO - Videos loaded: 1525
[2026-09-16T15:39:57.630+0000] {subprocess.py:93} INFO - batch 1 | status: 200
[2026-09-16T15:39:57.632+0000] {subprocess.py:93} INFO - batch 2 | status: 200
[2026-09-16T15:39:57.635+0000] {subprocess.py:93} INFO - batch 3 | status: 200
[2026-09-16T15:39:57.638+0000] {subprocess.py:93} INFO - batch 4 | status: 200
[2026-09-16T15:39:57.640+0000] {subprocess.py:93} INFO - batch 5 | status: 200
[2026-09-16T15:39:57.643+0000] {subprocess.py:93} INFO - batch 6 | status: 200
[2026-09-16T15:39:57.646+0000] {subprocess.py:93} INFO - batch 7 | status: 200
[2026-09-16T15:39:57.649+0000] {subprocess.py:93} INFO - batch 8 | status: 200
[2026-09-16T15:39:57.652+0000] {subprocess.py:93} INFO - batch 9 | status: 200
[2026-09-16T15:39:57.654+0000] {subprocess.py:93} INFO - batch 10 | status: 200
[2026-09-16T15:39:57.657+0000] {subprocess.py:93} INFO - batch 11 | status: 200
[2026-09-16T15:39:57.658+0000] {subprocess.py:93} INFO - batch 12 | status: 200
[2026-09-16T15:39:57.660+0000] {subprocess.py:93} INFO - batch 13 | status: 200
[2026-09-16T15:39:57.662+0000] {subprocess.py:93} INFO - batch 14 | status: 200
[2026-09-16T15:39:57.664+0000] {subprocess.py:93} INFO - batch 15 | status: 200
[2026-09-16T15:39:57.666+0000] {subprocess.py:93} INFO - batch 16 | status: 200
[2026-09-16T15:39:57.669+0000] {subprocess.py:93} INFO - batch 17 | status: 200
[2026-09-16T15:39:57.671+0000] {subprocess.py:93} INFO - batch 18 | status: 200
[2026-09-16T15:39:57.674+0000] {subprocess.py:93} INFO - batch 19 | status: 200
[2026-09-16T15:39:57.676+0000] {subprocess.py:93} INFO - batch 20 | status: 200
[2026-09-16T15:39:57.677+0000] {subprocess.py:93} INFO - batch 21 | status: 200
[2026-09-16T15:39:57.680+0000] {subprocess.py:93} INFO - batch 22 | status: 200
[2026-09-16T15:39:57.681+0000] {subprocess.py:93} INFO - batch 23 | status: 200
[2026-09-16T15:39:57.684+0000] {subprocess.py:93} INFO - batch 24 | status: 200
[2026-09-16T15:39:57.688+0000] {subprocess.py:93} INFO - batch 25 | status: 200
[2026-09-16T15:39:57.691+0000] {subprocess.py:93} INFO - batch 26 | status: 200
[2026-09-16T15:39:57.692+0000] {subprocess.py:93} INFO - batch 27 | status: 200
[2026-09-16T15:39:57.694+0000] {subprocess.py:93} INFO - batch 28 | status: 200
[2026-09-16T15:39:57.695+0000] {subprocess.py:93} INFO - batch 29 | status: 200
[2026-09-16T15:39:57.697+0000] {subprocess.py:93} INFO - batch 30 | status: 200
[2026-09-16T15:39:57.698+0000] {subprocess.py:93} INFO - batch 31 | status: 200
[2026-09-16T15:39:57.699+0000] {subprocess.py:93} INFO - Raw JSON saved: /opt/***/data/YT_data_2026-09-16.json
[2026-09-16T15:39:57.701+0000] {subprocess.py:97} INFO - Command exited with return code 0
[2026-09-16T15:39:57.703+0000] {taskinstance.py:441} INFO - ::group::Post task execution logs
[2026-09-16T15:39:57.745+0000] {taskinstance.py:1206} INFO - Marking task as SUCCESS. dag_id=youtube_extraction, task_id=get_video_details, run_id=manual__2026-09-16T15:39:26+00:00, execution_date=20260916T153926, start_date=20260916T153942, end_date=20260916T153957
[2026-09-16T15:39:57.795+0000] {local_task_job_runner.py:240} INFO - Task exited with return code 0
[2026-09-16T15:39:57.815+0000] {taskinstance.py:3503} INFO - 0 downstream tasks scheduled from follow-on schedule check
[2026-09-16T15:39:57.820+0000] {local_task_job_runner.py:222} INFO - ::endgroup::
