[2026-09-17T13:16:59.239+0000] {local_task_job_runner.py:120} INFO - ::group::Pre task execution logs
[2026-09-17T13:16:59.291+0000] {taskinstance.py:2076} INFO - Dependencies all met for dep_context=non-requeueable deps ti=<TaskInstance: youtube_extraction.extract_playlist manual__2026-09-17T13:16:58.100081+00:00 [queued]>
[2026-09-17T13:16:59.310+0000] {taskinstance.py:2076} INFO - Dependencies all met for dep_context=requeueable deps ti=<TaskInstance: youtube_extraction.extract_playlist manual__2026-09-17T13:16:58.100081+00:00 [queued]>
[2026-09-17T13:16:59.313+0000] {taskinstance.py:2306} INFO - Starting attempt 1 of 1
[2026-09-17T13:16:59.353+0000] {taskinstance.py:2330} INFO - Executing <Task(BashOperator): extract_playlist> on 2026-09-17 13:16:58.100081+00:00
[2026-09-17T13:16:59.358+0000] {standard_task_runner.py:63} INFO - Started process 5021 to run task
[2026-09-17T13:16:59.363+0000] {standard_task_runner.py:90} INFO - Running: ['***', 'tasks', 'run', 'youtube_extraction', 'extract_playlist', 'manual__2026-09-17T13:16:58.100081+00:00', '--job-id', '33', '--raw', '--subdir', 'DAGS_FOLDER/youtube_extraction.py', '--cfg-path', '/tmp/tmp421wyw3a']
[2026-09-17T13:16:59.369+0000] {standard_task_runner.py:91} INFO - Job 33: Subtask extract_playlist
[2026-09-17T13:16:59.458+0000] {task_command.py:426} INFO - Running <TaskInstance: youtube_extraction.extract_playlist manual__2026-09-17T13:16:58.100081+00:00 [running]> on host dc2851615997
[2026-09-17T13:16:59.641+0000] {taskinstance.py:2648} INFO - Exporting env vars: AIRFLOW_CTX_DAG_OWNER='***' AIRFLOW_CTX_DAG_ID='youtube_extraction' AIRFLOW_CTX_TASK_ID='extract_playlist' AIRFLOW_CTX_EXECUTION_DATE='2026-09-17T13:16:58.100081+00:00' AIRFLOW_CTX_TRY_NUMBER='1' AIRFLOW_CTX_DAG_RUN_ID='manual__2026-09-17T13:16:58.100081+00:00'
[2026-09-17T13:16:59.643+0000] {taskinstance.py:430} INFO - ::endgroup::
[2026-09-17T13:16:59.665+0000] {subprocess.py:63} INFO - Tmp dir root location: /tmp
[2026-09-17T13:16:59.669+0000] {subprocess.py:75} INFO - Running command: ['/usr/bin/bash', '-c', 'python /opt/***/src/youtube/get_playlist.py']
[2026-09-17T13:16:59.680+0000] {subprocess.py:86} INFO - Output:
[2026-09-17T13:17:20.835+0000] {subprocess.py:93} INFO - Playlist status: 200
[2026-09-17T13:17:20.837+0000] {subprocess.py:93} INFO - Playlist status: 200
[2026-09-17T13:17:20.840+0000] {subprocess.py:93} INFO - Playlist status: 200
[2026-09-17T13:17:20.843+0000] {subprocess.py:93} INFO - Playlist status: 200
[2026-09-17T13:17:20.844+0000] {subprocess.py:93} INFO - Playlist status: 200
[2026-09-17T13:17:20.846+0000] {subprocess.py:93} INFO - Playlist status: 200
[2026-09-17T13:17:20.849+0000] {subprocess.py:93} INFO - Playlist status: 200
[2026-09-17T13:17:20.851+0000] {subprocess.py:93} INFO - Playlist status: 200
[2026-09-17T13:17:20.853+0000] {subprocess.py:93} INFO - Playlist status: 200
[2026-09-17T13:17:20.855+0000] {subprocess.py:93} INFO - Playlist status: 200
[2026-09-17T13:17:20.857+0000] {subprocess.py:93} INFO - Playlist status: 200
[2026-09-17T13:17:20.859+0000] {subprocess.py:93} INFO - Playlist status: 200
[2026-09-17T13:17:20.861+0000] {subprocess.py:93} INFO - Playlist status: 200
[2026-09-17T13:17:20.863+0000] {subprocess.py:93} INFO - Playlist status: 200
[2026-09-17T13:17:20.865+0000] {subprocess.py:93} INFO - Playlist status: 200
[2026-09-17T13:17:20.867+0000] {subprocess.py:93} INFO - Playlist status: 200
[2026-09-17T13:17:20.870+0000] {subprocess.py:93} INFO - Playlist status: 200
[2026-09-17T13:17:20.872+0000] {subprocess.py:93} INFO - Playlist status: 200
[2026-09-17T13:17:20.874+0000] {subprocess.py:93} INFO - Playlist status: 200
[2026-09-17T13:17:20.876+0000] {subprocess.py:93} INFO - Playlist status: 200
[2026-09-17T13:17:20.878+0000] {subprocess.py:93} INFO - Playlist status: 200
[2026-09-17T13:17:20.881+0000] {subprocess.py:93} INFO - Playlist status: 200
[2026-09-17T13:17:20.883+0000] {subprocess.py:93} INFO - Playlist status: 200
[2026-09-17T13:17:20.885+0000] {subprocess.py:93} INFO - Playlist status: 200
[2026-09-17T13:17:20.888+0000] {subprocess.py:93} INFO - Playlist status: 200
[2026-09-17T13:17:20.891+0000] {subprocess.py:93} INFO - Playlist status: 200
[2026-09-17T13:17:20.893+0000] {subprocess.py:93} INFO - Playlist status: 200
[2026-09-17T13:17:20.895+0000] {subprocess.py:93} INFO - Playlist status: 200
[2026-09-17T13:17:20.898+0000] {subprocess.py:93} INFO - Playlist status: 200
[2026-09-17T13:17:20.900+0000] {subprocess.py:93} INFO - Playlist status: 200
[2026-09-17T13:17:20.904+0000] {subprocess.py:93} INFO - Playlist status: 200
[2026-09-17T13:17:20.905+0000] {subprocess.py:93} INFO - Total videos: 1526
[2026-09-17T13:17:20.907+0000] {subprocess.py:93} INFO - Playlist data saved.
[2026-09-17T13:17:20.908+0000] {subprocess.py:97} INFO - Command exited with return code 0
[2026-09-17T13:17:20.910+0000] {taskinstance.py:441} INFO - ::group::Post task execution logs
[2026-09-17T13:17:20.965+0000] {taskinstance.py:1206} INFO - Marking task as SUCCESS. dag_id=youtube_extraction, task_id=extract_playlist, run_id=manual__2026-09-17T13:16:58.100081+00:00, execution_date=20260917T131658, start_date=20260917T131659, end_date=20260917T131720
[2026-09-17T13:17:21.028+0000] {local_task_job_runner.py:240} INFO - Task exited with return code 0
[2026-09-17T13:17:21.074+0000] {taskinstance.py:3503} INFO - 0 downstream tasks scheduled from follow-on schedule check
[2026-09-17T13:17:21.079+0000] {local_task_job_runner.py:222} INFO - ::endgroup::
