[2026-09-17T11:18:15.745+0000] {local_task_job_runner.py:120} INFO - ::group::Pre task execution logs
[2026-09-17T11:18:15.802+0000] {taskinstance.py:2076} INFO - Dependencies all met for dep_context=non-requeueable deps ti=<TaskInstance: youtube_dwh_update.load_staging manual__2026-09-17T11:16:15.607802+00:00 [queued]>
[2026-09-17T11:18:15.818+0000] {taskinstance.py:2076} INFO - Dependencies all met for dep_context=requeueable deps ti=<TaskInstance: youtube_dwh_update.load_staging manual__2026-09-17T11:16:15.607802+00:00 [queued]>
[2026-09-17T11:18:15.821+0000] {taskinstance.py:2306} INFO - Starting attempt 1 of 1
[2026-09-17T11:18:15.855+0000] {taskinstance.py:2330} INFO - Executing <Task(BashOperator): load_staging> on 2026-09-17 11:16:15.607802+00:00
[2026-09-17T11:18:15.863+0000] {standard_task_runner.py:63} INFO - Started process 1218 to run task
[2026-09-17T11:18:15.869+0000] {standard_task_runner.py:90} INFO - Running: ['***', 'tasks', 'run', 'youtube_dwh_update', 'load_staging', 'manual__2026-09-17T11:16:15.607802+00:00', '--job-id', '22', '--raw', '--subdir', 'DAGS_FOLDER/youtube_dwh_update.py', '--cfg-path', '/tmp/tmp0n1d6zmv']
[2026-09-17T11:18:15.875+0000] {standard_task_runner.py:91} INFO - Job 22: Subtask load_staging
[2026-09-17T11:18:15.975+0000] {task_command.py:426} INFO - Running <TaskInstance: youtube_dwh_update.load_staging manual__2026-09-17T11:16:15.607802+00:00 [running]> on host dc2851615997
[2026-09-17T11:18:16.146+0000] {taskinstance.py:2648} INFO - Exporting env vars: AIRFLOW_CTX_DAG_OWNER='***' AIRFLOW_CTX_DAG_ID='youtube_dwh_update' AIRFLOW_CTX_TASK_ID='load_staging' AIRFLOW_CTX_EXECUTION_DATE='2026-09-17T11:16:15.607802+00:00' AIRFLOW_CTX_TRY_NUMBER='1' AIRFLOW_CTX_DAG_RUN_ID='manual__2026-09-17T11:16:15.607802+00:00'
[2026-09-17T11:18:16.148+0000] {taskinstance.py:430} INFO - ::endgroup::
[2026-09-17T11:18:16.188+0000] {subprocess.py:63} INFO - Tmp dir root location: /tmp
[2026-09-17T11:18:16.193+0000] {subprocess.py:75} INFO - Running command: ['/usr/bin/bash', '-c', 'python /opt/***/src/youtube/load_staging.py']
[2026-09-17T11:18:16.216+0000] {subprocess.py:86} INFO - Output:
[2026-09-17T11:18:17.850+0000] {subprocess.py:93} INFO - Videos loaded from JSON: 1526
[2026-09-17T11:18:17.852+0000] {subprocess.py:93} INFO - Deleted rows from staging: 0
[2026-09-17T11:18:17.855+0000] {subprocess.py:93} INFO - Staging table updated successfully.
[2026-09-17T11:18:17.873+0000] {subprocess.py:97} INFO - Command exited with return code 0
[2026-09-17T11:18:17.876+0000] {taskinstance.py:441} INFO - ::group::Post task execution logs
[2026-09-17T11:18:17.918+0000] {taskinstance.py:1206} INFO - Marking task as SUCCESS. dag_id=youtube_dwh_update, task_id=load_staging, run_id=manual__2026-09-17T11:16:15.607802+00:00, execution_date=20260917T111615, start_date=20260917T111815, end_date=20260917T111817
[2026-09-17T11:18:17.979+0000] {local_task_job_runner.py:240} INFO - Task exited with return code 0
[2026-09-17T11:18:18.009+0000] {taskinstance.py:3503} INFO - 1 downstream tasks scheduled from follow-on schedule check
[2026-09-17T11:18:18.013+0000] {local_task_job_runner.py:222} INFO - ::endgroup::
