[2026-09-17T11:18:18.137+0000] {local_task_job_runner.py:120} INFO - ::group::Pre task execution logs
[2026-09-17T11:18:18.184+0000] {taskinstance.py:2076} INFO - Dependencies all met for dep_context=non-requeueable deps ti=<TaskInstance: youtube_dwh_update.transform_core scheduled__2026-09-16T00:00:00+00:00 [queued]>
[2026-09-17T11:18:18.204+0000] {taskinstance.py:2076} INFO - Dependencies all met for dep_context=requeueable deps ti=<TaskInstance: youtube_dwh_update.transform_core scheduled__2026-09-16T00:00:00+00:00 [queued]>
[2026-09-17T11:18:18.207+0000] {taskinstance.py:2306} INFO - Starting attempt 1 of 1
[2026-09-17T11:18:18.245+0000] {taskinstance.py:2330} INFO - Executing <Task(BashOperator): transform_core> on 2026-09-16 00:00:00+00:00
[2026-09-17T11:18:18.256+0000] {standard_task_runner.py:63} INFO - Started process 1222 to run task
[2026-09-17T11:18:18.263+0000] {standard_task_runner.py:90} INFO - Running: ['***', 'tasks', 'run', 'youtube_dwh_update', 'transform_core', 'scheduled__2026-09-16T00:00:00+00:00', '--job-id', '23', '--raw', '--subdir', 'DAGS_FOLDER/youtube_dwh_update.py', '--cfg-path', '/tmp/tmpuzwl1uiu']
[2026-09-17T11:18:18.269+0000] {standard_task_runner.py:91} INFO - Job 23: Subtask transform_core
[2026-09-17T11:18:18.365+0000] {task_command.py:426} INFO - Running <TaskInstance: youtube_dwh_update.transform_core scheduled__2026-09-16T00:00:00+00:00 [running]> on host dc2851615997
[2026-09-17T11:18:18.490+0000] {taskinstance.py:2648} INFO - Exporting env vars: AIRFLOW_CTX_DAG_OWNER='***' AIRFLOW_CTX_DAG_ID='youtube_dwh_update' AIRFLOW_CTX_TASK_ID='transform_core' AIRFLOW_CTX_EXECUTION_DATE='2026-09-16T00:00:00+00:00' AIRFLOW_CTX_TRY_NUMBER='1' AIRFLOW_CTX_DAG_RUN_ID='scheduled__2026-09-16T00:00:00+00:00'
[2026-09-17T11:18:18.492+0000] {taskinstance.py:430} INFO - ::endgroup::
[2026-09-17T11:18:18.515+0000] {subprocess.py:63} INFO - Tmp dir root location: /tmp
[2026-09-17T11:18:18.518+0000] {subprocess.py:75} INFO - Running command: ['/usr/bin/bash', '-c', 'python /opt/***/src/youtube/transform_core.py']
[2026-09-17T11:18:18.533+0000] {subprocess.py:86} INFO - Output:
[2026-09-17T11:18:18.902+0000] {subprocess.py:93} INFO - Traceback (most recent call last):
[2026-09-17T11:18:18.905+0000] {subprocess.py:93} INFO -   File "/opt/***/src/youtube/transform_core.py", line 42, in <module>
[2026-09-17T11:18:18.906+0000] {subprocess.py:93} INFO -     connection = psycopg2.connect(
[2026-09-17T11:18:18.908+0000] {subprocess.py:93} INFO -   File "/home/***/.local/lib/python3.10/site-packages/psycopg2/__init__.py", line 122, in connect
[2026-09-17T11:18:18.910+0000] {subprocess.py:93} INFO -     conn = _connect(dsn, connection_factory=connection_factory, **kwasync)
[2026-09-17T11:18:18.912+0000] {subprocess.py:93} INFO - psycopg2.OperationalError: connection to server at "localhost" (::1), port 5432 failed: Connection refused
[2026-09-17T11:18:18.915+0000] {subprocess.py:93} INFO - 	Is the server running on that host and accepting TCP/IP connections?
[2026-09-17T11:18:18.917+0000] {subprocess.py:93} INFO - connection to server at "localhost" (127.0.0.1), port 5432 failed: Connection refused
[2026-09-17T11:18:18.918+0000] {subprocess.py:93} INFO - 	Is the server running on that host and accepting TCP/IP connections?
[2026-09-17T11:18:18.919+0000] {subprocess.py:93} INFO - 
[2026-09-17T11:18:18.926+0000] {subprocess.py:97} INFO - Command exited with return code 1
[2026-09-17T11:18:18.929+0000] {taskinstance.py:441} INFO - ::group::Post task execution logs
[2026-09-17T11:18:18.945+0000] {taskinstance.py:2905} ERROR - Task failed with exception
Traceback (most recent call last):
  File "/home/airflow/.local/lib/python3.10/site-packages/airflow/models/taskinstance.py", line 465, in _execute_task
    result = _execute_callable(context=context, **execute_callable_kwargs)
  File "/home/airflow/.local/lib/python3.10/site-packages/airflow/models/taskinstance.py", line 432, in _execute_callable
    return execute_callable(context=context, **execute_callable_kwargs)
  File "/home/airflow/.local/lib/python3.10/site-packages/airflow/models/baseoperator.py", line 401, in wrapper
    return func(self, *args, **kwargs)
  File "/home/airflow/.local/lib/python3.10/site-packages/airflow/operators/bash.py", line 243, in execute
    raise AirflowException(
airflow.exceptions.AirflowException: Bash command failed. The command returned a non-zero exit code 1.
[2026-09-17T11:18:18.953+0000] {taskinstance.py:1206} INFO - Marking task as FAILED. dag_id=youtube_dwh_update, task_id=transform_core, run_id=scheduled__2026-09-16T00:00:00+00:00, execution_date=20260916T000000, start_date=20260917T111818, end_date=20260917T111818
[2026-09-17T11:18:18.981+0000] {standard_task_runner.py:110} ERROR - Failed to execute job 23 for task transform_core (Bash command failed. The command returned a non-zero exit code 1.; 1222)
[2026-09-17T11:18:19.017+0000] {local_task_job_runner.py:240} INFO - Task exited with return code 1
[2026-09-17T11:18:19.041+0000] {taskinstance.py:3503} INFO - 0 downstream tasks scheduled from follow-on schedule check
[2026-09-17T11:18:19.045+0000] {local_task_job_runner.py:222} INFO - ::endgroup::
