[2026-09-16T15:42:54.862+0000] {local_task_job_runner.py:120} INFO - ::group::Pre task execution logs
[2026-09-16T15:42:54.919+0000] {taskinstance.py:2076} INFO - Dependencies all met for dep_context=non-requeueable deps ti=<TaskInstance: youtube_extraction.get_video_details manual__2026-09-16T15:42:34+00:00 [queued]>
[2026-09-16T15:42:54.933+0000] {taskinstance.py:2076} INFO - Dependencies all met for dep_context=requeueable deps ti=<TaskInstance: youtube_extraction.get_video_details manual__2026-09-16T15:42:34+00:00 [queued]>
[2026-09-16T15:42:54.935+0000] {taskinstance.py:2306} INFO - Starting attempt 1 of 1
[2026-09-16T15:42:54.961+0000] {taskinstance.py:2330} INFO - Executing <Task(BashOperator): get_video_details> on 2026-09-16 15:42:34+00:00
[2026-09-16T15:42:54.967+0000] {standard_task_runner.py:63} INFO - Started process 2749 to run task
[2026-09-16T15:42:54.971+0000] {standard_task_runner.py:90} INFO - Running: ['***', 'tasks', 'run', 'youtube_extraction', 'get_video_details', 'manual__2026-09-16T15:42:34+00:00', '--job-id', '10', '--raw', '--subdir', 'DAGS_FOLDER/youtube_extraction.py', '--cfg-path', '/tmp/tmpaep3hd6w']
[2026-09-16T15:42:54.975+0000] {standard_task_runner.py:91} INFO - Job 10: Subtask get_video_details
[2026-09-16T15:42:55.048+0000] {task_command.py:426} INFO - Running <TaskInstance: youtube_extraction.get_video_details manual__2026-09-16T15:42:34+00:00 [running]> on host dc2851615997
[2026-09-16T15:42:55.213+0000] {taskinstance.py:2648} INFO - Exporting env vars: AIRFLOW_CTX_DAG_OWNER='***' AIRFLOW_CTX_DAG_ID='youtube_extraction' AIRFLOW_CTX_TASK_ID='get_video_details' AIRFLOW_CTX_EXECUTION_DATE='2026-09-16T15:42:34+00:00' AIRFLOW_CTX_TRY_NUMBER='1' AIRFLOW_CTX_DAG_RUN_ID='manual__2026-09-16T15:42:34+00:00'
[2026-09-16T15:42:55.218+0000] {taskinstance.py:430} INFO - ::endgroup::
[2026-09-16T15:42:55.248+0000] {subprocess.py:63} INFO - Tmp dir root location: /tmp
[2026-09-16T15:42:55.250+0000] {subprocess.py:75} INFO - Running command: ['/usr/bin/bash', '-c', 'python /opt/***/src/youtube/get_video_details.py']
[2026-09-16T15:42:55.265+0000] {subprocess.py:86} INFO - Output:
[2026-09-16T15:43:17.512+0000] {subprocess.py:93} INFO - Videos loaded: 1525
[2026-09-16T15:43:17.514+0000] {subprocess.py:93} INFO - batch 1 | status: 200
[2026-09-16T15:43:17.516+0000] {subprocess.py:93} INFO - batch 2 | status: 200
[2026-09-16T15:43:17.518+0000] {subprocess.py:93} INFO - batch 3 | status: 200
[2026-09-16T15:43:17.520+0000] {subprocess.py:93} INFO - batch 4 | status: 200
[2026-09-16T15:43:17.522+0000] {subprocess.py:93} INFO - batch 5 | status: 200
[2026-09-16T15:43:17.524+0000] {subprocess.py:93} INFO - batch 6 | status: 200
[2026-09-16T15:43:17.526+0000] {subprocess.py:93} INFO - batch 7 | status: 200
[2026-09-16T15:43:17.528+0000] {subprocess.py:93} INFO - batch 8 | status: 200
[2026-09-16T15:43:17.531+0000] {subprocess.py:93} INFO - batch 9 | status: 200
[2026-09-16T15:43:17.537+0000] {subprocess.py:93} INFO - batch 10 | status: 200
[2026-09-16T15:43:17.540+0000] {subprocess.py:93} INFO - batch 11 | status: 200
[2026-09-16T15:43:17.543+0000] {subprocess.py:93} INFO - batch 12 | status: 200
[2026-09-16T15:43:17.545+0000] {subprocess.py:93} INFO - batch 13 | status: 200
[2026-09-16T15:43:17.547+0000] {subprocess.py:93} INFO - batch 14 | status: 200
[2026-09-16T15:43:17.549+0000] {subprocess.py:93} INFO - batch 15 | status: 200
[2026-09-16T15:43:17.553+0000] {subprocess.py:93} INFO - batch 16 | status: 200
[2026-09-16T15:43:17.556+0000] {subprocess.py:93} INFO - batch 17 | status: 200
[2026-09-16T15:43:17.558+0000] {subprocess.py:93} INFO - batch 18 | status: 200
[2026-09-16T15:43:17.560+0000] {subprocess.py:93} INFO - batch 19 | status: 200
[2026-09-16T15:43:17.562+0000] {subprocess.py:93} INFO - batch 20 | status: 200
[2026-09-16T15:43:17.564+0000] {subprocess.py:93} INFO - batch 21 | status: 200
[2026-09-16T15:43:17.566+0000] {subprocess.py:93} INFO - batch 22 | status: 200
[2026-09-16T15:43:17.569+0000] {subprocess.py:93} INFO - batch 23 | status: 200
[2026-09-16T15:43:17.573+0000] {subprocess.py:93} INFO - batch 24 | status: 200
[2026-09-16T15:43:17.577+0000] {subprocess.py:93} INFO - batch 25 | status: 200
[2026-09-16T15:43:17.579+0000] {subprocess.py:93} INFO - batch 26 | status: 200
[2026-09-16T15:43:17.580+0000] {subprocess.py:93} INFO - batch 27 | status: 200
[2026-09-16T15:43:17.585+0000] {subprocess.py:93} INFO - batch 28 | status: 200
[2026-09-16T15:43:17.587+0000] {subprocess.py:93} INFO - batch 29 | status: 200
[2026-09-16T15:43:17.589+0000] {subprocess.py:93} INFO - batch 30 | status: 200
[2026-09-16T15:43:17.591+0000] {subprocess.py:93} INFO - batch 31 | status: 200
[2026-09-16T15:43:17.593+0000] {subprocess.py:93} INFO - Raw JSON saved: /opt/***/data/YT_data_2026-09-16.json
[2026-09-16T15:43:17.595+0000] {subprocess.py:97} INFO - Command exited with return code 0
[2026-09-16T15:43:17.598+0000] {taskinstance.py:441} INFO - ::group::Post task execution logs
[2026-09-16T15:43:17.652+0000] {taskinstance.py:1206} INFO - Marking task as SUCCESS. dag_id=youtube_extraction, task_id=get_video_details, run_id=manual__2026-09-16T15:42:34+00:00, execution_date=20260916T154234, start_date=20260916T154254, end_date=20260916T154317
[2026-09-16T15:43:17.725+0000] {local_task_job_runner.py:240} INFO - Task exited with return code 0
[2026-09-16T15:43:17.756+0000] {taskinstance.py:3503} INFO - 0 downstream tasks scheduled from follow-on schedule check
[2026-09-16T15:43:17.767+0000] {local_task_job_runner.py:222} INFO - ::endgroup::
