[2026-09-17T11:19:13.821+0000] {local_task_job_runner.py:120} INFO - ::group::Pre task execution logs
[2026-09-17T11:19:13.855+0000] {taskinstance.py:2076} INFO - Dependencies all met for dep_context=non-requeueable deps ti=<TaskInstance: youtube_extraction.get_video_details manual__2026-09-17T11:18:23+00:00 [queued]>
[2026-09-17T11:19:13.867+0000] {taskinstance.py:2076} INFO - Dependencies all met for dep_context=requeueable deps ti=<TaskInstance: youtube_extraction.get_video_details manual__2026-09-17T11:18:23+00:00 [queued]>
[2026-09-17T11:19:13.869+0000] {taskinstance.py:2306} INFO - Starting attempt 1 of 1
[2026-09-17T11:19:13.897+0000] {taskinstance.py:2330} INFO - Executing <Task(BashOperator): get_video_details> on 2026-09-17 11:18:23+00:00
[2026-09-17T11:19:13.902+0000] {standard_task_runner.py:63} INFO - Started process 1263 to run task
[2026-09-17T11:19:13.906+0000] {standard_task_runner.py:90} INFO - Running: ['***', 'tasks', 'run', 'youtube_extraction', 'get_video_details', 'manual__2026-09-17T11:18:23+00:00', '--job-id', '26', '--raw', '--subdir', 'DAGS_FOLDER/youtube_extraction.py', '--cfg-path', '/tmp/tmpuwn3f2vw']
[2026-09-17T11:19:13.911+0000] {standard_task_runner.py:91} INFO - Job 26: Subtask get_video_details
[2026-09-17T11:19:13.973+0000] {task_command.py:426} INFO - Running <TaskInstance: youtube_extraction.get_video_details manual__2026-09-17T11:18:23+00:00 [running]> on host dc2851615997
[2026-09-17T11:19:14.084+0000] {taskinstance.py:2648} INFO - Exporting env vars: AIRFLOW_CTX_DAG_OWNER='***' AIRFLOW_CTX_DAG_ID='youtube_extraction' AIRFLOW_CTX_TASK_ID='get_video_details' AIRFLOW_CTX_EXECUTION_DATE='2026-09-17T11:18:23+00:00' AIRFLOW_CTX_TRY_NUMBER='1' AIRFLOW_CTX_DAG_RUN_ID='manual__2026-09-17T11:18:23+00:00'
[2026-09-17T11:19:14.086+0000] {taskinstance.py:430} INFO - ::endgroup::
[2026-09-17T11:19:14.103+0000] {subprocess.py:63} INFO - Tmp dir root location: /tmp
[2026-09-17T11:19:14.106+0000] {subprocess.py:75} INFO - Running command: ['/usr/bin/bash', '-c', 'python /opt/***/src/youtube/get_video_details.py']
[2026-09-17T11:19:14.116+0000] {subprocess.py:86} INFO - Output:
[2026-09-17T11:19:56.630+0000] {subprocess.py:93} INFO - Videos loaded: 1526
[2026-09-17T11:19:56.632+0000] {subprocess.py:93} INFO - batch 1 | status: 200
[2026-09-17T11:19:56.633+0000] {subprocess.py:93} INFO - batch 2 | status: 200
[2026-09-17T11:19:56.635+0000] {subprocess.py:93} INFO - batch 3 | status: 200
[2026-09-17T11:19:56.638+0000] {subprocess.py:93} INFO - batch 4 | status: 200
[2026-09-17T11:19:56.641+0000] {subprocess.py:93} INFO - batch 5 | status: 200
[2026-09-17T11:19:56.644+0000] {subprocess.py:93} INFO - batch 6 | status: 200
[2026-09-17T11:19:56.646+0000] {subprocess.py:93} INFO - batch 7 | status: 200
[2026-09-17T11:19:56.648+0000] {subprocess.py:93} INFO - batch 8 | status: 200
[2026-09-17T11:19:56.650+0000] {subprocess.py:93} INFO - batch 9 | status: 200
[2026-09-17T11:19:56.652+0000] {subprocess.py:93} INFO - batch 10 | status: 200
[2026-09-17T11:19:56.655+0000] {subprocess.py:93} INFO - batch 11 | status: 200
[2026-09-17T11:19:56.656+0000] {subprocess.py:93} INFO - batch 12 | status: 200
[2026-09-17T11:19:56.658+0000] {subprocess.py:93} INFO - batch 13 | status: 200
[2026-09-17T11:19:56.659+0000] {subprocess.py:93} INFO - batch 14 | status: 200
[2026-09-17T11:19:56.661+0000] {subprocess.py:93} INFO - batch 15 | status: 200
[2026-09-17T11:19:56.662+0000] {subprocess.py:93} INFO - batch 16 | status: 200
[2026-09-17T11:19:56.663+0000] {subprocess.py:93} INFO - batch 17 | status: 200
[2026-09-17T11:19:56.666+0000] {subprocess.py:93} INFO - batch 18 | status: 200
[2026-09-17T11:19:56.668+0000] {subprocess.py:93} INFO - batch 19 | status: 200
[2026-09-17T11:19:56.669+0000] {subprocess.py:93} INFO - batch 20 | status: 200
[2026-09-17T11:19:56.670+0000] {subprocess.py:93} INFO - batch 21 | status: 200
[2026-09-17T11:19:56.671+0000] {subprocess.py:93} INFO - batch 22 | status: 200
[2026-09-17T11:19:56.672+0000] {subprocess.py:93} INFO - batch 23 | status: 200
[2026-09-17T11:19:56.674+0000] {subprocess.py:93} INFO - batch 24 | status: 200
[2026-09-17T11:19:56.677+0000] {subprocess.py:93} INFO - batch 25 | status: 200
[2026-09-17T11:19:56.679+0000] {subprocess.py:93} INFO - batch 26 | status: 200
[2026-09-17T11:19:56.681+0000] {subprocess.py:93} INFO - batch 27 | status: 200
[2026-09-17T11:19:56.682+0000] {subprocess.py:93} INFO - batch 28 | status: 200
[2026-09-17T11:19:56.683+0000] {subprocess.py:93} INFO - batch 29 | status: 200
[2026-09-17T11:19:56.684+0000] {subprocess.py:93} INFO - batch 30 | status: 200
[2026-09-17T11:19:56.686+0000] {subprocess.py:93} INFO - batch 31 | status: 200
[2026-09-17T11:19:56.687+0000] {subprocess.py:93} INFO - Raw JSON saved: /opt/***/data/YT_data_2026-09-17.json
[2026-09-17T11:19:56.688+0000] {subprocess.py:97} INFO - Command exited with return code 0
[2026-09-17T11:19:56.689+0000] {taskinstance.py:441} INFO - ::group::Post task execution logs
[2026-09-17T11:19:56.737+0000] {taskinstance.py:1206} INFO - Marking task as SUCCESS. dag_id=youtube_extraction, task_id=get_video_details, run_id=manual__2026-09-17T11:18:23+00:00, execution_date=20260917T111823, start_date=20260917T111913, end_date=20260917T111956
[2026-09-17T11:19:56.769+0000] {local_task_job_runner.py:240} INFO - Task exited with return code 0
[2026-09-17T11:19:56.794+0000] {taskinstance.py:3503} INFO - 1 downstream tasks scheduled from follow-on schedule check
[2026-09-17T11:19:56.798+0000] {local_task_job_runner.py:222} INFO - ::endgroup::
