[2026-09-16T15:39:27.192+0000] {local_task_job_runner.py:120} INFO - ::group::Pre task execution logs
[2026-09-16T15:39:27.238+0000] {taskinstance.py:2076} INFO - Dependencies all met for dep_context=non-requeueable deps ti=<TaskInstance: youtube_extraction.extract_playlist manual__2026-09-16T15:39:26+00:00 [queued]>
[2026-09-16T15:39:27.252+0000] {taskinstance.py:2076} INFO - Dependencies all met for dep_context=requeueable deps ti=<TaskInstance: youtube_extraction.extract_playlist manual__2026-09-16T15:39:26+00:00 [queued]>
[2026-09-16T15:39:27.253+0000] {taskinstance.py:2306} INFO - Starting attempt 1 of 1
[2026-09-16T15:39:27.283+0000] {taskinstance.py:2330} INFO - Executing <Task(BashOperator): extract_playlist> on 2026-09-16 15:39:26+00:00
[2026-09-16T15:39:27.289+0000] {standard_task_runner.py:63} INFO - Started process 2652 to run task
[2026-09-16T15:39:27.294+0000] {standard_task_runner.py:90} INFO - Running: ['***', 'tasks', 'run', 'youtube_extraction', 'extract_playlist', 'manual__2026-09-16T15:39:26+00:00', '--job-id', '7', '--raw', '--subdir', 'DAGS_FOLDER/youtube_extraction.py', '--cfg-path', '/tmp/tmpmzruw0gk']
[2026-09-16T15:39:27.297+0000] {standard_task_runner.py:91} INFO - Job 7: Subtask extract_playlist
[2026-09-16T15:39:27.369+0000] {task_command.py:426} INFO - Running <TaskInstance: youtube_extraction.extract_playlist manual__2026-09-16T15:39:26+00:00 [running]> on host dc2851615997
[2026-09-16T15:39:27.494+0000] {taskinstance.py:2648} INFO - Exporting env vars: AIRFLOW_CTX_DAG_OWNER='***' AIRFLOW_CTX_DAG_ID='youtube_extraction' AIRFLOW_CTX_TASK_ID='extract_playlist' AIRFLOW_CTX_EXECUTION_DATE='2026-09-16T15:39:26+00:00' AIRFLOW_CTX_TRY_NUMBER='1' AIRFLOW_CTX_DAG_RUN_ID='manual__2026-09-16T15:39:26+00:00'
[2026-09-16T15:39:27.496+0000] {taskinstance.py:430} INFO - ::endgroup::
[2026-09-16T15:39:27.511+0000] {subprocess.py:63} INFO - Tmp dir root location: /tmp
[2026-09-16T15:39:27.513+0000] {subprocess.py:75} INFO - Running command: ['/usr/bin/bash', '-c', 'python /opt/***/src/youtube/get_playlist.py']
[2026-09-16T15:39:27.523+0000] {subprocess.py:86} INFO - Output:
[2026-09-16T15:39:41.368+0000] {subprocess.py:93} INFO - Playlist status: 200
[2026-09-16T15:39:41.370+0000] {subprocess.py:93} INFO - Playlist status: 200
[2026-09-16T15:39:41.374+0000] {subprocess.py:93} INFO - Playlist status: 200
[2026-09-16T15:39:41.376+0000] {subprocess.py:93} INFO - Playlist status: 200
[2026-09-16T15:39:41.378+0000] {subprocess.py:93} INFO - Playlist status: 200
[2026-09-16T15:39:41.383+0000] {subprocess.py:93} INFO - Playlist status: 200
[2026-09-16T15:39:41.385+0000] {subprocess.py:93} INFO - Playlist status: 200
[2026-09-16T15:39:41.389+0000] {subprocess.py:93} INFO - Playlist status: 200
[2026-09-16T15:39:41.394+0000] {subprocess.py:93} INFO - Playlist status: 200
[2026-09-16T15:39:41.397+0000] {subprocess.py:93} INFO - Playlist status: 200
[2026-09-16T15:39:41.401+0000] {subprocess.py:93} INFO - Playlist status: 200
[2026-09-16T15:39:41.405+0000] {subprocess.py:93} INFO - Playlist status: 200
[2026-09-16T15:39:41.408+0000] {subprocess.py:93} INFO - Playlist status: 200
[2026-09-16T15:39:41.410+0000] {subprocess.py:93} INFO - Playlist status: 200
[2026-09-16T15:39:41.412+0000] {subprocess.py:93} INFO - Playlist status: 200
[2026-09-16T15:39:41.414+0000] {subprocess.py:93} INFO - Playlist status: 200
[2026-09-16T15:39:41.416+0000] {subprocess.py:93} INFO - Playlist status: 200
[2026-09-16T15:39:41.417+0000] {subprocess.py:93} INFO - Playlist status: 200
[2026-09-16T15:39:41.420+0000] {subprocess.py:93} INFO - Playlist status: 200
[2026-09-16T15:39:41.425+0000] {subprocess.py:93} INFO - Playlist status: 200
[2026-09-16T15:39:41.428+0000] {subprocess.py:93} INFO - Playlist status: 200
[2026-09-16T15:39:41.431+0000] {subprocess.py:93} INFO - Playlist status: 200
[2026-09-16T15:39:41.432+0000] {subprocess.py:93} INFO - Playlist status: 200
[2026-09-16T15:39:41.434+0000] {subprocess.py:93} INFO - Playlist status: 200
[2026-09-16T15:39:41.436+0000] {subprocess.py:93} INFO - Playlist status: 200
[2026-09-16T15:39:41.440+0000] {subprocess.py:93} INFO - Playlist status: 200
[2026-09-16T15:39:41.443+0000] {subprocess.py:93} INFO - Playlist status: 200
[2026-09-16T15:39:41.446+0000] {subprocess.py:93} INFO - Playlist status: 200
[2026-09-16T15:39:41.448+0000] {subprocess.py:93} INFO - Playlist status: 200
[2026-09-16T15:39:41.450+0000] {subprocess.py:93} INFO - Playlist status: 200
[2026-09-16T15:39:41.452+0000] {subprocess.py:93} INFO - Playlist status: 200
[2026-09-16T15:39:41.453+0000] {subprocess.py:93} INFO - Total videos: 1525
[2026-09-16T15:39:41.457+0000] {subprocess.py:93} INFO - Playlist data saved.
[2026-09-16T15:39:41.460+0000] {subprocess.py:97} INFO - Command exited with return code 0
[2026-09-16T15:39:41.462+0000] {taskinstance.py:441} INFO - ::group::Post task execution logs
[2026-09-16T15:39:41.514+0000] {taskinstance.py:1206} INFO - Marking task as SUCCESS. dag_id=youtube_extraction, task_id=extract_playlist, run_id=manual__2026-09-16T15:39:26+00:00, execution_date=20260916T153926, start_date=20260916T153927, end_date=20260916T153941
[2026-09-16T15:39:41.622+0000] {local_task_job_runner.py:240} INFO - Task exited with return code 0
[2026-09-16T15:39:41.660+0000] {taskinstance.py:3503} INFO - 1 downstream tasks scheduled from follow-on schedule check
[2026-09-16T15:39:41.666+0000] {local_task_job_runner.py:222} INFO - ::endgroup::
