[2026-09-17T11:18:19.285+0000] {local_task_job_runner.py:120} INFO - ::group::Pre task execution logs
[2026-09-17T11:18:19.338+0000] {taskinstance.py:2076} INFO - Dependencies all met for dep_context=non-requeueable deps ti=<TaskInstance: youtube_dwh_update.transform_core manual__2026-09-17T11:16:15.607802+00:00 [queued]>
[2026-09-17T11:18:19.355+0000] {taskinstance.py:2076} INFO - Dependencies all met for dep_context=requeueable deps ti=<TaskInstance: youtube_dwh_update.transform_core manual__2026-09-17T11:16:15.607802+00:00 [queued]>
[2026-09-17T11:18:19.357+0000] {taskinstance.py:2306} INFO - Starting attempt 1 of 1
[2026-09-17T11:18:19.384+0000] {taskinstance.py:2330} INFO - Executing <Task(BashOperator): transform_core> on 2026-09-17 11:16:15.607802+00:00
[2026-09-17T11:18:19.392+0000] {standard_task_runner.py:63} INFO - Started process 1225 to run task
[2026-09-17T11:18:19.396+0000] {standard_task_runner.py:90} INFO - Running: ['***', 'tasks', 'run', 'youtube_dwh_update', 'transform_core', 'manual__2026-09-17T11:16:15.607802+00:00', '--job-id', '24', '--raw', '--subdir', 'DAGS_FOLDER/youtube_dwh_update.py', '--cfg-path', '/tmp/tmplfmr9efa']
[2026-09-17T11:18:19.400+0000] {standard_task_runner.py:91} INFO - Job 24: Subtask transform_core
[2026-09-17T11:18:19.479+0000] {task_command.py:426} INFO - Running <TaskInstance: youtube_dwh_update.transform_core manual__2026-09-17T11:16:15.607802+00:00 [running]> on host dc2851615997
[2026-09-17T11:18:19.596+0000] {taskinstance.py:2648} INFO - Exporting env vars: AIRFLOW_CTX_DAG_OWNER='***' AIRFLOW_CTX_DAG_ID='youtube_dwh_update' AIRFLOW_CTX_TASK_ID='transform_core' AIRFLOW_CTX_EXECUTION_DATE='2026-09-17T11:16:15.607802+00:00' AIRFLOW_CTX_TRY_NUMBER='1' AIRFLOW_CTX_DAG_RUN_ID='manual__2026-09-17T11:16:15.607802+00:00'
[2026-09-17T11:18:19.598+0000] {taskinstance.py:430} INFO - ::endgroup::
[2026-09-17T11:18:19.617+0000] {subprocess.py:63} INFO - Tmp dir root location: /tmp
[2026-09-17T11:18:19.621+0000] {subprocess.py:75} INFO - Running command: ['/usr/bin/bash', '-c', 'python /opt/***/src/youtube/transform_core.py']
[2026-09-17T11:18:19.631+0000] {subprocess.py:86} INFO - Output:
[2026-09-17T11:18:19.934+0000] {subprocess.py:93} INFO - Traceback (most recent call last):
[2026-09-17T11:18:19.935+0000] {subprocess.py:93} INFO -   File "/opt/***/src/youtube/transform_core.py", line 42, in <module>
[2026-09-17T11:18:19.937+0000] {subprocess.py:93} INFO -     connection = psycopg2.connect(
[2026-09-17T11:18:19.938+0000] {subprocess.py:93} INFO -   File "/home/***/.local/lib/python3.10/site-packages/psycopg2/__init__.py", line 122, in connect
[2026-09-17T11:18:19.940+0000] {subprocess.py:93} INFO -     conn = _connect(dsn, connection_factory=connection_factory, **kwasync)
[2026-09-17T11:18:19.941+0000] {subprocess.py:93} INFO - psycopg2.OperationalError: connection to server at "localhost" (::1), port 5432 failed: Connection refused
[2026-09-17T11:18:19.943+0000] {subprocess.py:93} INFO - 	Is the server running on that host and accepting TCP/IP connections?
[2026-09-17T11:18:19.944+0000] {subprocess.py:93} INFO - connection to server at "localhost" (127.0.0.1), port 5432 failed: Connection refused
[2026-09-17T11:18:19.946+0000] {subprocess.py:93} INFO - 	Is the server running on that host and accepting TCP/IP connections?
[2026-09-17T11:18:19.947+0000] {subprocess.py:93} INFO - 
[2026-09-17T11:18:19.956+0000] {subprocess.py:97} INFO - Command exited with return code 1
[2026-09-17T11:18:19.958+0000] {taskinstance.py:441} INFO - ::group::Post task execution logs
[2026-09-17T11:18:19.975+0000] {taskinstance.py:2905} ERROR - Task failed with exception
Traceback (most recent call last):
  File "/home/airflow/.local/lib/python3.10/site-packages/airflow/models/taskinstance.py", line 465, in _execute_task
    result = _execute_callable(context=context, **execute_callable_kwargs)
  File "/home/airflow/.local/lib/python3.10/site-packages/airflow/models/taskinstance.py", line 432, in _execute_callable
    return execute_callable(context=context, **execute_callable_kwargs)
  File "/home/airflow/.local/lib/python3.10/site-packages/airflow/models/baseoperator.py", line 401, in wrapper
    return func(self, *args, **kwargs)
  File "/home/airflow/.local/lib/python3.10/site-packages/airflow/operators/bash.py", line 243, in execute
    raise AirflowException(
airflow.exceptions.AirflowException: Bash command failed. The command returned a non-zero exit code 1.
[2026-09-17T11:18:19.982+0000] {taskinstance.py:1206} INFO - Marking task as FAILED. dag_id=youtube_dwh_update, task_id=transform_core, run_id=manual__2026-09-17T11:16:15.607802+00:00, execution_date=20260917T111615, start_date=20260917T111819, end_date=20260917T111819
[2026-09-17T11:18:20.007+0000] {standard_task_runner.py:110} ERROR - Failed to execute job 24 for task transform_core (Bash command failed. The command returned a non-zero exit code 1.; 1225)
[2026-09-17T11:18:20.034+0000] {local_task_job_runner.py:240} INFO - Task exited with return code 1
[2026-09-17T11:18:20.056+0000] {taskinstance.py:3503} INFO - 0 downstream tasks scheduled from follow-on schedule check
[2026-09-17T11:18:20.061+0000] {local_task_job_runner.py:222} INFO - ::endgroup::
