[2026-09-17T13:17:46.046+0000] {local_task_job_runner.py:120} INFO - ::group::Pre task execution logs
[2026-09-17T13:17:46.120+0000] {taskinstance.py:2076} INFO - Dependencies all met for dep_context=non-requeueable deps ti=<TaskInstance: youtube_dwh_update.transform_core manual__2026-09-17T13:17:42.982528+00:00 [queued]>
[2026-09-17T13:17:46.132+0000] {taskinstance.py:2076} INFO - Dependencies all met for dep_context=requeueable deps ti=<TaskInstance: youtube_dwh_update.transform_core manual__2026-09-17T13:17:42.982528+00:00 [queued]>
[2026-09-17T13:17:46.133+0000] {taskinstance.py:2306} INFO - Starting attempt 1 of 1
[2026-09-17T13:17:46.161+0000] {taskinstance.py:2330} INFO - Executing <Task(BashOperator): transform_core> on 2026-09-17 13:17:42.982528+00:00
[2026-09-17T13:17:46.166+0000] {standard_task_runner.py:63} INFO - Started process 5059 to run task
[2026-09-17T13:17:46.170+0000] {standard_task_runner.py:90} INFO - Running: ['***', 'tasks', 'run', 'youtube_dwh_update', 'transform_core', 'manual__2026-09-17T13:17:42.982528+00:00', '--job-id', '37', '--raw', '--subdir', 'DAGS_FOLDER/youtube_dwh_update.py', '--cfg-path', '/tmp/tmpze8muo1y']
[2026-09-17T13:17:46.173+0000] {standard_task_runner.py:91} INFO - Job 37: Subtask transform_core
[2026-09-17T13:17:46.242+0000] {task_command.py:426} INFO - Running <TaskInstance: youtube_dwh_update.transform_core manual__2026-09-17T13:17:42.982528+00:00 [running]> on host dc2851615997
[2026-09-17T13:17:46.374+0000] {taskinstance.py:2648} INFO - Exporting env vars: AIRFLOW_CTX_DAG_OWNER='***' AIRFLOW_CTX_DAG_ID='youtube_dwh_update' AIRFLOW_CTX_TASK_ID='transform_core' AIRFLOW_CTX_EXECUTION_DATE='2026-09-17T13:17:42.982528+00:00' AIRFLOW_CTX_TRY_NUMBER='1' AIRFLOW_CTX_DAG_RUN_ID='manual__2026-09-17T13:17:42.982528+00:00'
[2026-09-17T13:17:46.376+0000] {taskinstance.py:430} INFO - ::endgroup::
[2026-09-17T13:17:46.407+0000] {subprocess.py:63} INFO - Tmp dir root location: /tmp
[2026-09-17T13:17:46.411+0000] {subprocess.py:75} INFO - Running command: ['/usr/bin/bash', '-c', 'python /opt/***/src/youtube/transform_core.py']
[2026-09-17T13:17:46.430+0000] {subprocess.py:86} INFO - Output:
[2026-09-17T13:17:47.294+0000] {subprocess.py:93} INFO - Videos loaded from staging: 1526
[2026-09-17T13:17:47.296+0000] {subprocess.py:93} INFO - Deleted rows from core: 0
[2026-09-17T13:17:47.298+0000] {subprocess.py:93} INFO - Core table updated successfully.
[2026-09-17T13:17:47.320+0000] {subprocess.py:97} INFO - Command exited with return code 0
[2026-09-17T13:17:47.322+0000] {taskinstance.py:441} INFO - ::group::Post task execution logs
[2026-09-17T13:17:47.360+0000] {taskinstance.py:1206} INFO - Marking task as SUCCESS. dag_id=youtube_dwh_update, task_id=transform_core, run_id=manual__2026-09-17T13:17:42.982528+00:00, execution_date=20260917T131742, start_date=20260917T131746, end_date=20260917T131747
[2026-09-17T13:17:47.416+0000] {local_task_job_runner.py:240} INFO - Task exited with return code 0
[2026-09-17T13:17:47.439+0000] {taskinstance.py:3503} INFO - 0 downstream tasks scheduled from follow-on schedule check
[2026-09-17T13:17:47.443+0000] {local_task_job_runner.py:222} INFO - ::endgroup::
