[2026-09-17T11:16:00.835+0000] {local_task_job_runner.py:120} INFO - ::group::Pre task execution logs
[2026-09-17T11:16:00.869+0000] {taskinstance.py:2076} INFO - Dependencies all met for dep_context=non-requeueable deps ti=<TaskInstance: youtube_extraction.get_video_details manual__2026-09-17T11:15:41+00:00 [queued]>
[2026-09-17T11:16:00.881+0000] {taskinstance.py:2076} INFO - Dependencies all met for dep_context=requeueable deps ti=<TaskInstance: youtube_extraction.get_video_details manual__2026-09-17T11:15:41+00:00 [queued]>
[2026-09-17T11:16:00.882+0000] {taskinstance.py:2306} INFO - Starting attempt 1 of 1
[2026-09-17T11:16:00.915+0000] {taskinstance.py:2330} INFO - Executing <Task(BashOperator): get_video_details> on 2026-09-17 11:15:41+00:00
[2026-09-17T11:16:00.923+0000] {standard_task_runner.py:63} INFO - Started process 1142 to run task
[2026-09-17T11:16:00.929+0000] {standard_task_runner.py:90} INFO - Running: ['***', 'tasks', 'run', 'youtube_extraction', 'get_video_details', 'manual__2026-09-17T11:15:41+00:00', '--job-id', '19', '--raw', '--subdir', 'DAGS_FOLDER/youtube_extraction.py', '--cfg-path', '/tmp/tmp05krsztn']
[2026-09-17T11:16:00.933+0000] {standard_task_runner.py:91} INFO - Job 19: Subtask get_video_details
[2026-09-17T11:16:01.002+0000] {task_command.py:426} INFO - Running <TaskInstance: youtube_extraction.get_video_details manual__2026-09-17T11:15:41+00:00 [running]> on host dc2851615997
[2026-09-17T11:16:01.103+0000] {taskinstance.py:2648} INFO - Exporting env vars: AIRFLOW_CTX_DAG_OWNER='***' AIRFLOW_CTX_DAG_ID='youtube_extraction' AIRFLOW_CTX_TASK_ID='get_video_details' AIRFLOW_CTX_EXECUTION_DATE='2026-09-17T11:15:41+00:00' AIRFLOW_CTX_TRY_NUMBER='1' AIRFLOW_CTX_DAG_RUN_ID='manual__2026-09-17T11:15:41+00:00'
[2026-09-17T11:16:01.105+0000] {taskinstance.py:430} INFO - ::endgroup::
[2026-09-17T11:16:01.122+0000] {subprocess.py:63} INFO - Tmp dir root location: /tmp
[2026-09-17T11:16:01.124+0000] {subprocess.py:75} INFO - Running command: ['/usr/bin/bash', '-c', 'python /opt/***/src/youtube/get_video_details.py']
[2026-09-17T11:16:01.135+0000] {subprocess.py:86} INFO - Output:
[2026-09-17T11:16:14.014+0000] {subprocess.py:93} INFO - Videos loaded: 1526
[2026-09-17T11:16:14.016+0000] {subprocess.py:93} INFO - batch 1 | status: 200
[2026-09-17T11:16:14.018+0000] {subprocess.py:93} INFO - batch 2 | status: 200
[2026-09-17T11:16:14.020+0000] {subprocess.py:93} INFO - batch 3 | status: 200
[2026-09-17T11:16:14.022+0000] {subprocess.py:93} INFO - batch 4 | status: 200
[2026-09-17T11:16:14.023+0000] {subprocess.py:93} INFO - batch 5 | status: 200
[2026-09-17T11:16:14.025+0000] {subprocess.py:93} INFO - batch 6 | status: 200
[2026-09-17T11:16:14.027+0000] {subprocess.py:93} INFO - batch 7 | status: 200
[2026-09-17T11:16:14.029+0000] {subprocess.py:93} INFO - batch 8 | status: 200
[2026-09-17T11:16:14.030+0000] {subprocess.py:93} INFO - batch 9 | status: 200
[2026-09-17T11:16:14.031+0000] {subprocess.py:93} INFO - batch 10 | status: 200
[2026-09-17T11:16:14.033+0000] {subprocess.py:93} INFO - batch 11 | status: 200
[2026-09-17T11:16:14.034+0000] {subprocess.py:93} INFO - batch 12 | status: 200
[2026-09-17T11:16:14.035+0000] {subprocess.py:93} INFO - batch 13 | status: 200
[2026-09-17T11:16:14.036+0000] {subprocess.py:93} INFO - batch 14 | status: 200
[2026-09-17T11:16:14.038+0000] {subprocess.py:93} INFO - batch 15 | status: 200
[2026-09-17T11:16:14.039+0000] {subprocess.py:93} INFO - batch 16 | status: 200
[2026-09-17T11:16:14.040+0000] {subprocess.py:93} INFO - batch 17 | status: 200
[2026-09-17T11:16:14.041+0000] {subprocess.py:93} INFO - batch 18 | status: 200
[2026-09-17T11:16:14.043+0000] {subprocess.py:93} INFO - batch 19 | status: 200
[2026-09-17T11:16:14.044+0000] {subprocess.py:93} INFO - batch 20 | status: 200
[2026-09-17T11:16:14.046+0000] {subprocess.py:93} INFO - batch 21 | status: 200
[2026-09-17T11:16:14.048+0000] {subprocess.py:93} INFO - batch 22 | status: 200
[2026-09-17T11:16:14.050+0000] {subprocess.py:93} INFO - batch 23 | status: 200
[2026-09-17T11:16:14.051+0000] {subprocess.py:93} INFO - batch 24 | status: 200
[2026-09-17T11:16:14.054+0000] {subprocess.py:93} INFO - batch 25 | status: 200
[2026-09-17T11:16:14.056+0000] {subprocess.py:93} INFO - batch 26 | status: 200
[2026-09-17T11:16:14.058+0000] {subprocess.py:93} INFO - batch 27 | status: 200
[2026-09-17T11:16:14.060+0000] {subprocess.py:93} INFO - batch 28 | status: 200
[2026-09-17T11:16:14.062+0000] {subprocess.py:93} INFO - batch 29 | status: 200
[2026-09-17T11:16:14.063+0000] {subprocess.py:93} INFO - batch 30 | status: 200
[2026-09-17T11:16:14.064+0000] {subprocess.py:93} INFO - batch 31 | status: 200
[2026-09-17T11:16:14.065+0000] {subprocess.py:93} INFO - Raw JSON saved: /opt/***/data/YT_data_2026-09-17.json
[2026-09-17T11:16:14.067+0000] {subprocess.py:97} INFO - Command exited with return code 0
[2026-09-17T11:16:14.070+0000] {taskinstance.py:441} INFO - ::group::Post task execution logs
[2026-09-17T11:16:14.106+0000] {taskinstance.py:1206} INFO - Marking task as SUCCESS. dag_id=youtube_extraction, task_id=get_video_details, run_id=manual__2026-09-17T11:15:41+00:00, execution_date=20260917T111541, start_date=20260917T111600, end_date=20260917T111614
[2026-09-17T11:16:14.131+0000] {local_task_job_runner.py:240} INFO - Task exited with return code 0
[2026-09-17T11:16:14.153+0000] {taskinstance.py:3503} INFO - 1 downstream tasks scheduled from follow-on schedule check
[2026-09-17T11:16:14.157+0000] {local_task_job_runner.py:222} INFO - ::endgroup::
