[2026-09-16T15:43:37.300+0000] {local_task_job_runner.py:120} INFO - ::group::Pre task execution logs
[2026-09-16T15:43:37.346+0000] {taskinstance.py:2076} INFO - Dependencies all met for dep_context=non-requeueable deps ti=<TaskInstance: youtube_extraction.get_video_details manual__2026-09-16T15:43:18.012546+00:00 [queued]>
[2026-09-16T15:43:37.361+0000] {taskinstance.py:2076} INFO - Dependencies all met for dep_context=requeueable deps ti=<TaskInstance: youtube_extraction.get_video_details manual__2026-09-16T15:43:18.012546+00:00 [queued]>
[2026-09-16T15:43:37.363+0000] {taskinstance.py:2306} INFO - Starting attempt 1 of 1
[2026-09-16T15:43:37.382+0000] {taskinstance.py:2330} INFO - Executing <Task(BashOperator): get_video_details> on 2026-09-16 15:43:18.012546+00:00
[2026-09-16T15:43:37.387+0000] {standard_task_runner.py:63} INFO - Started process 2766 to run task
[2026-09-16T15:43:37.392+0000] {standard_task_runner.py:90} INFO - Running: ['***', 'tasks', 'run', 'youtube_extraction', 'get_video_details', 'manual__2026-09-16T15:43:18.012546+00:00', '--job-id', '12', '--raw', '--subdir', 'DAGS_FOLDER/youtube_extraction.py', '--cfg-path', '/tmp/tmplq25teko']
[2026-09-16T15:43:37.396+0000] {standard_task_runner.py:91} INFO - Job 12: Subtask get_video_details
[2026-09-16T15:43:37.460+0000] {task_command.py:426} INFO - Running <TaskInstance: youtube_extraction.get_video_details manual__2026-09-16T15:43:18.012546+00:00 [running]> on host dc2851615997
[2026-09-16T15:43:37.565+0000] {taskinstance.py:2648} INFO - Exporting env vars: AIRFLOW_CTX_DAG_OWNER='***' AIRFLOW_CTX_DAG_ID='youtube_extraction' AIRFLOW_CTX_TASK_ID='get_video_details' AIRFLOW_CTX_EXECUTION_DATE='2026-09-16T15:43:18.012546+00:00' AIRFLOW_CTX_TRY_NUMBER='1' AIRFLOW_CTX_DAG_RUN_ID='manual__2026-09-16T15:43:18.012546+00:00'
[2026-09-16T15:43:37.568+0000] {taskinstance.py:430} INFO - ::endgroup::
[2026-09-16T15:43:37.586+0000] {subprocess.py:63} INFO - Tmp dir root location: /tmp
[2026-09-16T15:43:37.589+0000] {subprocess.py:75} INFO - Running command: ['/usr/bin/bash', '-c', 'python /opt/***/src/youtube/get_video_details.py']
[2026-09-16T15:43:37.608+0000] {subprocess.py:86} INFO - Output:
[2026-09-16T15:44:02.789+0000] {subprocess.py:93} INFO - Videos loaded: 1525
[2026-09-16T15:44:02.792+0000] {subprocess.py:93} INFO - batch 1 | status: 200
[2026-09-16T15:44:02.794+0000] {subprocess.py:93} INFO - batch 2 | status: 200
[2026-09-16T15:44:02.796+0000] {subprocess.py:93} INFO - batch 3 | status: 200
[2026-09-16T15:44:02.798+0000] {subprocess.py:93} INFO - batch 4 | status: 200
[2026-09-16T15:44:02.799+0000] {subprocess.py:93} INFO - batch 5 | status: 200
[2026-09-16T15:44:02.802+0000] {subprocess.py:93} INFO - batch 6 | status: 200
[2026-09-16T15:44:02.803+0000] {subprocess.py:93} INFO - batch 7 | status: 200
[2026-09-16T15:44:02.806+0000] {subprocess.py:93} INFO - batch 8 | status: 200
[2026-09-16T15:44:02.807+0000] {subprocess.py:93} INFO - batch 9 | status: 200
[2026-09-16T15:44:02.809+0000] {subprocess.py:93} INFO - batch 10 | status: 200
[2026-09-16T15:44:02.810+0000] {subprocess.py:93} INFO - batch 11 | status: 200
[2026-09-16T15:44:02.812+0000] {subprocess.py:93} INFO - batch 12 | status: 200
[2026-09-16T15:44:02.813+0000] {subprocess.py:93} INFO - batch 13 | status: 200
[2026-09-16T15:44:02.814+0000] {subprocess.py:93} INFO - batch 14 | status: 200
[2026-09-16T15:44:02.816+0000] {subprocess.py:93} INFO - batch 15 | status: 200
[2026-09-16T15:44:02.817+0000] {subprocess.py:93} INFO - batch 16 | status: 200
[2026-09-16T15:44:02.818+0000] {subprocess.py:93} INFO - batch 17 | status: 200
[2026-09-16T15:44:02.820+0000] {subprocess.py:93} INFO - batch 18 | status: 200
[2026-09-16T15:44:02.823+0000] {subprocess.py:93} INFO - batch 19 | status: 200
[2026-09-16T15:44:02.824+0000] {subprocess.py:93} INFO - batch 20 | status: 200
[2026-09-16T15:44:02.826+0000] {subprocess.py:93} INFO - batch 21 | status: 200
[2026-09-16T15:44:02.828+0000] {subprocess.py:93} INFO - batch 22 | status: 200
[2026-09-16T15:44:02.830+0000] {subprocess.py:93} INFO - batch 23 | status: 200
[2026-09-16T15:44:02.832+0000] {subprocess.py:93} INFO - batch 24 | status: 200
[2026-09-16T15:44:02.833+0000] {subprocess.py:93} INFO - batch 25 | status: 200
[2026-09-16T15:44:02.834+0000] {subprocess.py:93} INFO - batch 26 | status: 200
[2026-09-16T15:44:02.835+0000] {subprocess.py:93} INFO - batch 27 | status: 200
[2026-09-16T15:44:02.837+0000] {subprocess.py:93} INFO - batch 28 | status: 200
[2026-09-16T15:44:02.838+0000] {subprocess.py:93} INFO - batch 29 | status: 200
[2026-09-16T15:44:02.840+0000] {subprocess.py:93} INFO - batch 30 | status: 200
[2026-09-16T15:44:02.841+0000] {subprocess.py:93} INFO - batch 31 | status: 200
[2026-09-16T15:44:02.842+0000] {subprocess.py:93} INFO - Raw JSON saved: /opt/***/data/YT_data_2026-09-16.json
[2026-09-16T15:44:02.843+0000] {subprocess.py:97} INFO - Command exited with return code 0
[2026-09-16T15:44:02.845+0000] {taskinstance.py:441} INFO - ::group::Post task execution logs
[2026-09-16T15:44:02.883+0000] {taskinstance.py:1206} INFO - Marking task as SUCCESS. dag_id=youtube_extraction, task_id=get_video_details, run_id=manual__2026-09-16T15:43:18.012546+00:00, execution_date=20260916T154318, start_date=20260916T154337, end_date=20260916T154402
[2026-09-16T15:44:02.913+0000] {local_task_job_runner.py:240} INFO - Task exited with return code 0
[2026-09-16T15:44:02.930+0000] {taskinstance.py:3503} INFO - 0 downstream tasks scheduled from follow-on schedule check
[2026-09-16T15:44:02.934+0000] {local_task_job_runner.py:222} INFO - ::endgroup::
