[2026-09-17T11:18:23.891+0000] {local_task_job_runner.py:120} INFO - ::group::Pre task execution logs
[2026-09-17T11:18:23.928+0000] {taskinstance.py:2076} INFO - Dependencies all met for dep_context=non-requeueable deps ti=<TaskInstance: youtube_extraction.extract_playlist manual__2026-09-17T11:18:23+00:00 [queued]>
[2026-09-17T11:18:23.942+0000] {taskinstance.py:2076} INFO - Dependencies all met for dep_context=requeueable deps ti=<TaskInstance: youtube_extraction.extract_playlist manual__2026-09-17T11:18:23+00:00 [queued]>
[2026-09-17T11:18:23.944+0000] {taskinstance.py:2306} INFO - Starting attempt 1 of 1
[2026-09-17T11:18:23.966+0000] {taskinstance.py:2330} INFO - Executing <Task(BashOperator): extract_playlist> on 2026-09-17 11:18:23+00:00
[2026-09-17T11:18:23.973+0000] {standard_task_runner.py:63} INFO - Started process 1239 to run task
[2026-09-17T11:18:23.978+0000] {standard_task_runner.py:90} INFO - Running: ['***', 'tasks', 'run', 'youtube_extraction', 'extract_playlist', 'manual__2026-09-17T11:18:23+00:00', '--job-id', '25', '--raw', '--subdir', 'DAGS_FOLDER/youtube_extraction.py', '--cfg-path', '/tmp/tmpjaz_zvds']
[2026-09-17T11:18:23.982+0000] {standard_task_runner.py:91} INFO - Job 25: Subtask extract_playlist
[2026-09-17T11:18:24.052+0000] {task_command.py:426} INFO - Running <TaskInstance: youtube_extraction.extract_playlist manual__2026-09-17T11:18:23+00:00 [running]> on host dc2851615997
[2026-09-17T11:18:24.173+0000] {taskinstance.py:2648} INFO - Exporting env vars: AIRFLOW_CTX_DAG_OWNER='***' AIRFLOW_CTX_DAG_ID='youtube_extraction' AIRFLOW_CTX_TASK_ID='extract_playlist' AIRFLOW_CTX_EXECUTION_DATE='2026-09-17T11:18:23+00:00' AIRFLOW_CTX_TRY_NUMBER='1' AIRFLOW_CTX_DAG_RUN_ID='manual__2026-09-17T11:18:23+00:00'
[2026-09-17T11:18:24.175+0000] {taskinstance.py:430} INFO - ::endgroup::
[2026-09-17T11:18:24.197+0000] {subprocess.py:63} INFO - Tmp dir root location: /tmp
[2026-09-17T11:18:24.200+0000] {subprocess.py:75} INFO - Running command: ['/usr/bin/bash', '-c', 'python /opt/***/src/youtube/get_playlist.py']
[2026-09-17T11:18:24.210+0000] {subprocess.py:86} INFO - Output:
[2026-09-17T11:19:13.051+0000] {subprocess.py:93} INFO - Playlist status: 200
[2026-09-17T11:19:13.053+0000] {subprocess.py:93} INFO - Playlist status: 200
[2026-09-17T11:19:13.055+0000] {subprocess.py:93} INFO - Playlist status: 200
[2026-09-17T11:19:13.057+0000] {subprocess.py:93} INFO - Playlist status: 200
[2026-09-17T11:19:13.059+0000] {subprocess.py:93} INFO - Playlist status: 200
[2026-09-17T11:19:13.060+0000] {subprocess.py:93} INFO - Playlist status: 200
[2026-09-17T11:19:13.061+0000] {subprocess.py:93} INFO - Playlist status: 200
[2026-09-17T11:19:13.063+0000] {subprocess.py:93} INFO - Playlist status: 200
[2026-09-17T11:19:13.064+0000] {subprocess.py:93} INFO - Playlist status: 200
[2026-09-17T11:19:13.066+0000] {subprocess.py:93} INFO - Playlist status: 200
[2026-09-17T11:19:13.067+0000] {subprocess.py:93} INFO - Playlist status: 200
[2026-09-17T11:19:13.068+0000] {subprocess.py:93} INFO - Playlist status: 200
[2026-09-17T11:19:13.071+0000] {subprocess.py:93} INFO - Playlist status: 200
[2026-09-17T11:19:13.072+0000] {subprocess.py:93} INFO - Playlist status: 200
[2026-09-17T11:19:13.074+0000] {subprocess.py:93} INFO - Playlist status: 200
[2026-09-17T11:19:13.075+0000] {subprocess.py:93} INFO - Playlist status: 200
[2026-09-17T11:19:13.076+0000] {subprocess.py:93} INFO - Playlist status: 200
[2026-09-17T11:19:13.078+0000] {subprocess.py:93} INFO - Playlist status: 200
[2026-09-17T11:19:13.080+0000] {subprocess.py:93} INFO - Playlist status: 200
[2026-09-17T11:19:13.081+0000] {subprocess.py:93} INFO - Playlist status: 200
[2026-09-17T11:19:13.082+0000] {subprocess.py:93} INFO - Playlist status: 200
[2026-09-17T11:19:13.083+0000] {subprocess.py:93} INFO - Playlist status: 200
[2026-09-17T11:19:13.085+0000] {subprocess.py:93} INFO - Playlist status: 200
[2026-09-17T11:19:13.086+0000] {subprocess.py:93} INFO - Playlist status: 200
[2026-09-17T11:19:13.088+0000] {subprocess.py:93} INFO - Playlist status: 200
[2026-09-17T11:19:13.090+0000] {subprocess.py:93} INFO - Playlist status: 200
[2026-09-17T11:19:13.093+0000] {subprocess.py:93} INFO - Playlist status: 200
[2026-09-17T11:19:13.094+0000] {subprocess.py:93} INFO - Playlist status: 200
[2026-09-17T11:19:13.095+0000] {subprocess.py:93} INFO - Playlist status: 200
[2026-09-17T11:19:13.096+0000] {subprocess.py:93} INFO - Playlist status: 200
[2026-09-17T11:19:13.097+0000] {subprocess.py:93} INFO - Playlist status: 200
[2026-09-17T11:19:13.098+0000] {subprocess.py:93} INFO - Total videos: 1526
[2026-09-17T11:19:13.100+0000] {subprocess.py:93} INFO - Playlist data saved.
[2026-09-17T11:19:13.102+0000] {subprocess.py:97} INFO - Command exited with return code 0
[2026-09-17T11:19:13.103+0000] {taskinstance.py:441} INFO - ::group::Post task execution logs
[2026-09-17T11:19:13.132+0000] {taskinstance.py:1206} INFO - Marking task as SUCCESS. dag_id=youtube_extraction, task_id=extract_playlist, run_id=manual__2026-09-17T11:18:23+00:00, execution_date=20260917T111823, start_date=20260917T111823, end_date=20260917T111913
[2026-09-17T11:19:13.188+0000] {local_task_job_runner.py:240} INFO - Task exited with return code 0
[2026-09-17T11:19:13.217+0000] {taskinstance.py:3503} INFO - 1 downstream tasks scheduled from follow-on schedule check
[2026-09-17T11:19:13.229+0000] {local_task_job_runner.py:222} INFO - ::endgroup::
